Archive member included because of file (symbol)

C:/Freescale/KSDK_1.3.0/lib/ksdk_platform_lib/kds/KL26Z4/debug/libksdk_platform.a(fsl_uart_hal.o)
                              ./Utilities/fsl_debug_console.o (UART_HAL_SetBaudRate)
C:/Freescale/KSDK_1.3.0/lib/ksdk_platform_lib/kds/KL26Z4/debug/libksdk_platform.a(fsl_lpsci_hal.o)
                              ./Utilities/fsl_debug_console.o (LPSCI_HAL_SetBaudRate)
C:/Freescale/KSDK_1.3.0/lib/ksdk_platform_lib/kds/KL26Z4/debug/libksdk_platform.a(fsl_clock_MKL26Z4.o)
                              ./Board/board.o (CLOCK_SYS_SetConfiguration)
C:/Freescale/KSDK_1.3.0/lib/ksdk_platform_lib/kds/KL26Z4/debug/libksdk_platform.a(fsl_clock_manager.o)
                              C:/Freescale/KSDK_1.3.0/lib/ksdk_platform_lib/kds/KL26Z4/debug/libksdk_platform.a(fsl_clock_MKL26Z4.o) (CLOCK_SYS_GetSystickFreq)
C:/Freescale/KSDK_1.3.0/lib/ksdk_platform_lib/kds/KL26Z4/debug/libksdk_platform.a(fsl_clock_manager_common.o)
                              C:/Freescale/KSDK_1.3.0/lib/ksdk_platform_lib/kds/KL26Z4/debug/libksdk_platform.a(fsl_clock_MKL26Z4.o) (g_oscBase)
C:/Freescale/KSDK_1.3.0/lib/ksdk_platform_lib/kds/KL26Z4/debug/libksdk_platform.a(fsl_os_abstraction_bm.o)
                              C:/Freescale/KSDK_1.3.0/lib/ksdk_platform_lib/kds/KL26Z4/debug/libksdk_platform.a(fsl_clock_manager.o) (OSA_EnterCritical)
C:/Freescale/KSDK_1.3.0/lib/ksdk_platform_lib/kds/KL26Z4/debug/libksdk_platform.a(fsl_sim_hal_MKL26Z4.o)
                              C:/Freescale/KSDK_1.3.0/lib/ksdk_platform_lib/kds/KL26Z4/debug/libksdk_platform.a(fsl_clock_MKL26Z4.o) (CLOCK_HAL_SetOutDiv)
C:/Freescale/KSDK_1.3.0/lib/ksdk_platform_lib/kds/KL26Z4/debug/libksdk_platform.a(fsl_osc_hal.o)
                              C:/Freescale/KSDK_1.3.0/lib/ksdk_platform_lib/kds/KL26Z4/debug/libksdk_platform.a(fsl_clock_manager.o) (OSC_HAL_SetCapacitor)
C:/Freescale/KSDK_1.3.0/lib/ksdk_platform_lib/kds/KL26Z4/debug/libksdk_platform.a(fsl_mcg_hal.o)
                              C:/Freescale/KSDK_1.3.0/lib/ksdk_platform_lib/kds/KL26Z4/debug/libksdk_platform.a(fsl_clock_MKL26Z4.o) (g_xtal0ClkFreq)
C:/Freescale/KSDK_1.3.0/lib/ksdk_platform_lib/kds/KL26Z4/debug/libksdk_platform.a(fsl_mcg_hal_modes.o)
                              C:/Freescale/KSDK_1.3.0/lib/ksdk_platform_lib/kds/KL26Z4/debug/libksdk_platform.a(fsl_clock_manager.o) (CLOCK_HAL_GetMcgMode)
C:/Freescale/KSDK_1.3.0/lib/ksdk_platform_lib/kds/KL26Z4/debug/libksdk_platform.a(fsl_lptmr_hal.o)
                              C:/Freescale/KSDK_1.3.0/lib/ksdk_platform_lib/kds/KL26Z4/debug/libksdk_platform.a(fsl_os_abstraction_bm.o) (LPTMR_HAL_SetTimerWorkingMode)
C:/Freescale/KSDK_1.3.0/lib/ksdk_platform_lib/kds/KL26Z4/debug/libksdk_platform.a(fsl_interrupt_manager.o)
                              C:/Freescale/KSDK_1.3.0/lib/ksdk_platform_lib/kds/KL26Z4/debug/libksdk_platform.a(fsl_os_abstraction_bm.o) (INT_SYS_InstallHandler)
c:/freescale/kds_3.0.0/toolchain/bin/../lib/gcc/arm-none-eabi/4.8.4/armv6-m\libgcc.a(_udivsi3.o)
                              ./Utilities/print_scan.o (__aeabi_uidiv)
c:/freescale/kds_3.0.0/toolchain/bin/../lib/gcc/arm-none-eabi/4.8.4/armv6-m\libgcc.a(_divsi3.o)
                              ./Utilities/print_scan.o (__aeabi_idiv)
c:/freescale/kds_3.0.0/toolchain/bin/../lib/gcc/arm-none-eabi/4.8.4/armv6-m\libgcc.a(_dvmd_tls.o)
                              c:/freescale/kds_3.0.0/toolchain/bin/../lib/gcc/arm-none-eabi/4.8.4/armv6-m\libgcc.a(_udivsi3.o) (__aeabi_idiv0)
c:/freescale/kds_3.0.0/toolchain/bin/../lib/gcc/arm-none-eabi/4.8.4/armv6-m\libgcc.a(_fixunssfsi.o)
                              ./Sources/main3.o (__aeabi_f2uiz)
c:/freescale/kds_3.0.0/toolchain/bin/../lib/gcc/arm-none-eabi/4.8.4/armv6-m\libgcc.a(mulsf3.o)
                              ./Sources/main3.o (__aeabi_fmul)
c:/freescale/kds_3.0.0/toolchain/bin/../lib/gcc/arm-none-eabi/4.8.4/armv6-m\libgcc.a(subsf3.o)
                              c:/freescale/kds_3.0.0/toolchain/bin/../lib/gcc/arm-none-eabi/4.8.4/armv6-m\libgcc.a(_fixunssfsi.o) (__aeabi_fsub)
c:/freescale/kds_3.0.0/toolchain/bin/../lib/gcc/arm-none-eabi/4.8.4/armv6-m\libgcc.a(fixsfsi.o)
                              c:/freescale/kds_3.0.0/toolchain/bin/../lib/gcc/arm-none-eabi/4.8.4/armv6-m\libgcc.a(_fixunssfsi.o) (__aeabi_f2iz)
c:/freescale/kds_3.0.0/toolchain/bin/../lib/gcc/arm-none-eabi/4.8.4/armv6-m\libgcc.a(_arm_cmpsf2.o)
                              c:/freescale/kds_3.0.0/toolchain/bin/../lib/gcc/arm-none-eabi/4.8.4/armv6-m\libgcc.a(_fixunssfsi.o) (__aeabi_fcmpge)
c:/freescale/kds_3.0.0/toolchain/bin/../lib/gcc/arm-none-eabi/4.8.4/armv6-m\libgcc.a(_clzsi2.o)
                              c:/freescale/kds_3.0.0/toolchain/bin/../lib/gcc/arm-none-eabi/4.8.4/armv6-m\libgcc.a(mulsf3.o) (__clzsi2)
c:/freescale/kds_3.0.0/toolchain/bin/../lib/gcc/arm-none-eabi/4.8.4/armv6-m\libgcc.a(eqsf2.o)
[...]
Memory Configuration

Name             Origin             Length             Attributes
m_interrupts     0x00000000         0x00000100         xr
m_flash_config   0x00000400         0x00000010         xr
m_text           0x00000410         0x0001fbf0         xr
m_data           0x1ffff000         0x00004000         rw
*default*        0x00000000         0xffffffff

Linker script and memory map

LOAD c:/freescale/kds_3.0.0/toolchain/bin/../lib/gcc/arm-none-eabi/4.8.4/armv6-m/crti.o
LOAD c:/freescale/kds_3.0.0/toolchain/bin/../lib/gcc/arm-none-eabi/4.8.4/armv6-m/crtbegin.o
LOAD c:/freescale/kds_3.0.0/toolchain/bin/../lib/gcc/arm-none-eabi/4.8.4/../../../../arm-none-eabi/lib/armv6-m/crt0.o
LOAD ./Utilities/fsl_debug_console.o
LOAD ./Utilities/print_scan.o
LOAD ./Sources/main3.o
LOAD ./Project_Settings/Startup_Code/startup.o
LOAD ./Project_Settings/Startup_Code/startup_MKL26Z4.o
LOAD ./Project_Settings/Startup_Code/system_MKL26Z4.o
LOAD ./Board/board.o
LOAD ./Board/gpio_pins.o
LOAD ./Board/hardware_init.o
LOAD ./Board/pin_mux.o
LOAD C:/Freescale/KSDK_1.3.0/lib/ksdk_platform_lib/kds/KL26Z4/debug/libksdk_platform.a
LOAD c:/freescale/kds_3.0.0/toolchain/bin/../lib/gcc/arm-none-eabi/4.8.4/../../../../arm-none-eabi/lib/armv6-m\libstdc++_s.a
LOAD c:/freescale/kds_3.0.0/toolchain/bin/../lib/gcc/arm-none-eabi/4.8.4/../../../../arm-none-eabi/lib/armv6-m\libm.a
START GROUP
LOAD c:/freescale/kds_3.0.0/toolchain/bin/../lib/gcc/arm-none-eabi/4.8.4/armv6-m\libgcc.a
LOAD c:/freescale/kds_3.0.0/toolchain/bin/../lib/gcc/arm-none-eabi/4.8.4/../../../../arm-none-eabi/lib/armv6-m\libg_s.a
LOAD c:/freescale/kds_3.0.0/toolchain/bin/../lib/gcc/arm-none-eabi/4.8.4/../../../../arm-none-eabi/lib/armv6-m\libc_s.a
END GROUP
START GROUP
LOAD c:/freescale/kds_3.0.0/toolchain/bin/../lib/gcc/arm-none-eabi/4.8.4/armv6-m\libgcc.a
LOAD c:/freescale/kds_3.0.0/toolchain/bin/../lib/gcc/arm-none-eabi/4.8.4/../../../../arm-none-eabi/lib/armv6-m\libc_s.a
LOAD c:/freescale/kds_3.0.0/toolchain/bin/../lib/gcc/arm-none-eabi/4.8.4/../../../../arm-none-eabi/lib/armv6-m\libnosys.a
END GROUP
START GROUP
LOAD c:/freescale/kds_3.0.0/toolchain/bin/../lib/gcc/arm-none-eabi/4.8.4/armv6-m\libgcc.a
LOAD c:/freescale/kds_3.0.0/toolchain/bin/../lib/gcc/arm-none-eabi/4.8.4/../../../../arm-none-eabi/lib/armv6-m\libc_s.a
LOAD c:/freescale/kds_3.0.0/toolchain/bin/../lib/gcc/arm-none-eabi/4.8.4/../../../../arm-none-eabi/lib/armv6-m\libnosys.a
END GROUP
LOAD c:/freescale/kds_3.0.0/toolchain/bin/../lib/gcc/arm-none-eabi/4.8.4/armv6-m/crtend.o
LOAD c:/freescale/kds_3.0.0/toolchain/bin/../lib/gcc/arm-none-eabi/4.8.4/armv6-m/crtn.o
                0x00000400                HEAP_SIZE = DEFINED (__heap_size__)?__heap_size__:0x400
                0x00000400                STACK_SIZE = DEFINED (__stack_size__)?__stack_size__:0x400
                0x00000000                M_VECTOR_RAM_SIZE = DEFINED (__ram_vector_table__)?0x100:0x0

.interrupts     0x00000000       0xc0
                0x00000000                __VECTOR_TABLE = .
                0x00000000                . = ALIGN (0x4)
 *(.isr_vector)
 .isr_vector    0x00000000       0xc0 ./Project_Settings/Startup_Code/startup_MKL26Z4.o
                0x00000000                __isr_vector
                0x000000c0                . = ALIGN (0x4)

.flash_config   0x00000400       0x10
                0x00000400                . = ALIGN (0x4)
 *(.FlashConfig)
 .FlashConfig   0x00000400       0x10 ./Project_Settings/Startup_Code/startup_MKL26Z4.o
                0x00000410                . = ALIGN (0x4)

.text           0x00000410     0x5d74
                0x00000410                . = ALIGN (0x4)
 *(.text)
 .text          0x00000410       0x60 c:/freescale/kds_3.0.0/toolchain/bin/../lib/gcc/arm-none-eabi/4.8.4/armv6-m/crtbegin.o
 .text          0x00000470       0x78 c:/freescale/kds_3.0.0/toolchain/bin/../lib/gcc/arm-none-eabi/4.8.4/../../../../arm-none-eabi/lib/armv6-m/crt0.o
                0x00000470                _start
                0x00000470                _mainCRTStartup
 .text          0x000004e8       0x18 ./Project_Settings/Startup_Code/startup_MKL26Z4.o
                0x000004e8                Reset_Handler
                0x000004f8                HardFault_Handler
                0x000004f8                SysTick_Handler
                0x000004f8                PendSV_Handler
                0x000004f8                NMI_Handler
                0x000004f8                PORTC_PORTD_IRQHandler
                0x000004f8                I2C1_IRQHandler
                0x000004f8                UART1_IRQHandler
                0x000004f8                DMA2_IRQHandler
                0x000004f8                TPM0_IRQHandler
                0x000004f8                I2S0_IRQHandler
                0x000004f8                LLWU_IRQHandler
                0x000004f8                TSI0_IRQHandler
                0x000004f8                ADC0_IRQHandler
                0x000004f8                SPI1_IRQHandler
                0x000004f8                DefaultISR
                0x000004f8                TPM2_IRQHandler
                0x000004f8                RTC_IRQHandler
                0x000004f8                I2C0_IRQHandler
                0x000004f8                RTC_Seconds_IRQHandler
                0x000004f8                MCG_IRQHandler
                0x000004f8                UART2_IRQHandler
                0x000004f8                Reserved20_IRQHandler
                0x000004f8                USB0_IRQHandler
                0x000004f8                SVC_Handler
                0x000004f8                DMA3_IRQHandler
                0x000004f8                DMA0_IRQHandler
                0x000004f8                DAC0_IRQHandler
                0x000004f8                Reserved45_IRQHandler
                0x000004f8                TPM1_IRQHandler
                0x000004f8                LVD_LVW_IRQHandler
                0x000004f8                SPI0_IRQHandler
                0x000004f8                PORTA_IRQHandler
                0x000004f8                FTFA_IRQHandler
                0x000004f8                LPTMR0_IRQHandler
                0x000004f8                CMP0_IRQHandler
                0x000004f8                DMA1_IRQHandler
 .text          0x00000500       0x9c c:/freescale/kds_3.0.0/toolchain/bin/../lib/gcc/arm-none-eabi/4.8.4/armv6-m\libgcc.a(_udivsi3.o)
                0x00000500                __aeabi_uidiv
                0x00000500                __udivsi3
                0x00000588                __aeabi_uidivmod
 .text          0x0000059c       0xc0 c:/freescale/kds_3.0.0/toolchain/bin/../lib/gcc/arm-none-eabi/4.8.4/armv6-m\libgcc.a(_divsi3.o)
                0x0000059c                __divsi3
                0x0000059c                __aeabi_idiv
                0x00000648                __aeabi_idivmod
 .text          0x0000065c        0x4 c:/freescale/kds_3.0.0/toolchain/bin/../lib/gcc/arm-none-eabi/4.8.4/armv6-m\libgcc.a(_dvmd_tls.o)
                0x0000065c                __aeabi_idiv0
                0x0000065c                __aeabi_ldiv0
 .text          0x00000660       0x30 c:/freescale/kds_3.0.0/toolchain/bin/../lib/gcc/arm-none-eabi/4.8.4/armv6-m\libgcc.a(_fixunssfsi.o)
                0x00000660                __fixunssfsi
                0x00000660                __aeabi_f2uiz
 .text          0x00000690      0x254 c:/freescale/kds_3.0.0/toolchain/bin/../lib/gcc/arm-none-eabi/4.8.4/armv6-m\libgcc.a(mulsf3.o)
                0x00000690                __aeabi_fmul
 .text          0x000008e4      0x2ec c:/freescale/kds_3.0.0/toolchain/bin/../lib/gcc/arm-none-eabi/4.8.4/armv6-m\libgcc.a(subsf3.o)
                0x000008e4                __aeabi_fsub
 .text          0x00000bd0       0x40 c:/freescale/kds_3.0.0/toolchain/bin/../lib/gcc/arm-none-eabi/4.8.4/armv6-m\libgcc.a(fixsfsi.o)
                0x00000bd0                __aeabi_f2iz
 .text          0x00000c10       0x74 c:/freescale/kds_3.0.0/toolchain/bin/../lib/gcc/arm-none-eabi/4.8.4/armv6-m\libgcc.a(_arm_cmpsf2.o)
                0x00000c10                __aeabi_cfrcmple
                0x00000c18                __aeabi_cfcmpeq
                0x00000c18                __aeabi_cfcmple
                0x00000c28                __aeabi_fcmpeq
                0x00000c34                __aeabi_fcmplt
                0x00000c48                __aeabi_fcmple
                0x00000c5c                __aeabi_fcmpgt
                0x00000c70                __aeabi_fcmpge
 .text          0x00000c84       0x3c c:/freescale/kds_3.0.0/toolchain/bin/../lib/gcc/arm-none-eabi/4.8.4/armv6-m\libgcc.a(_clzsi2.o)
                0x00000c84                __clzsi2
 .text          0x00000cc0       0x54 c:/freescale/kds_3.0.0/toolchain/bin/../lib/gcc/arm-none-eabi/4.8.4/armv6-m\libgcc.a(eqsf2.o)
                0x00000cc0                __eqsf2
                0x00000cc0                __nesf2
 .text          0x00000d14       0x90 c:/freescale/kds_3.0.0/toolchain/bin/../lib/gcc/arm-none-eabi/4.8.4/armv6-m\libgcc.a(gesf2.o)
                0x00000d14                __gesf2
                0x00000d14                __gtsf2
 .text          0x00000da4       0x98 c:/freescale/kds_3.0.0/toolchain/bin/../lib/gcc/arm-none-eabi/4.8.4/armv6-m\libgcc.a(lesf2.o)
                0x00000da4                __ltsf2
                0x00000da4                __lesf2
 .text          0x00000e3c       0x14 c:/freescale/kds_3.0.0/toolchain/bin/../lib/gcc/arm-none-eabi/4.8.4/../../../../arm-none-eabi/lib/armv6-m\libg_s.a(lib_a-strcmp.o)
                0x00000e3c                strcmp
 *(.text*)
 .text.UART_HAL_EnableTransmitter
                0x00000e50       0x1c ./Utilities/fsl_debug_console.o
 .text.UART_HAL_EnableReceiver
                0x00000e6c       0x1c ./Utilities/fsl_debug_console.o
 .text.UART_HAL_SetBitCountPerChar
                0x00000e88       0x28 ./Utilities/fsl_debug_console.o
 .text.UART_HAL_SetStopBitCount
                0x00000eb0       0x28 ./Utilities/fsl_debug_console.o
 .text.LPSCI_HAL_EnableTransmitter
                0x00000ed8       0x1c ./Utilities/fsl_debug_console.o
 .text.LPSCI_HAL_EnableReceiver
                0x00000ef4       0x1c ./Utilities/fsl_debug_console.o
 .text.LPSCI_HAL_SetBitCountPerChar
                0x00000f10       0x28 ./Utilities/fsl_debug_console.o
 .text.LPSCI_HAL_SetStopBitCount
                0x00000f38       0x28 ./Utilities/fsl_debug_console.o
 .text.DbgConsole_Init
                0x00000f60      0x160 ./Utilities/fsl_debug_console.o
                0x00000f60                DbgConsole_Init
 .text._write   0x000010c0       0x5c ./Utilities/fsl_debug_console.o
                0x000010c0                _write
 .text._read    0x0000111c       0x48 ./Utilities/fsl_debug_console.o
                0x0000111c                _read
 .text.debug_printf
                0x00001164       0x4c ./Utilities/fsl_debug_console.o
                0x00001164                debug_printf
 .text.debug_putc
                0x000011b0       0x44 ./Utilities/fsl_debug_console.o
 .text.debug_putchar
                0x000011f4       0x30 ./Utilities/fsl_debug_console.o
                0x000011f4                debug_putchar
 .text._doprint
                0x00001224      0x6e4 ./Utilities/print_scan.o
                0x00001224                _doprint
 .text.mknumstr
                0x00001908      0x110 ./Utilities/print_scan.o
 .text.fput_pad
                0x00001a18       0x44 ./Utilities/print_scan.o
 .text.NVIC_EnableIRQ
                0x00001a5c       0x2c ./Sources/main3.o
 .text.NVIC_ClearPendingIRQ
                0x00001a88       0x34 ./Sources/main3.o
 .text.UART0_IRQHandler
                0x00001abc       0x6c ./Sources/main3.o
                0x00001abc                UART0_IRQHandler
 .text.buffer_put
                0x00001b28       0x70 ./Sources/main3.o
                0x00001b28                buffer_put
 .text.buffer_get
                0x00001b98       0x5c ./Sources/main3.o
                0x00001b98                buffer_get
 .text.enable_UART0_receive_interrupt
                0x00001bf4       0x28 ./Sources/main3.o
                0x00001bf4                enable_UART0_receive_interrupt
 .text.buffer_init
                0x00001c1c       0x4c ./Sources/main3.o
                0x00001c1c                buffer_init
 .text.printf_response
                0x00001c68       0x38 ./Sources/main3.o
                0x00001c68                printf_response
 .text.send_command
                0x00001ca0      0x1ec ./Sources/main3.o
                0x00001ca0                send_command
 .text.send_sms
                0x00001e8c      0x1a0 ./Sources/main3.o
                0x00001e8c                send_sms
 .text.PIT_Configure_interrupt_mode
                0x0000202c       0x88 ./Sources/main3.o
                0x0000202c                PIT_Configure_interrupt_mode
 .text.PIT_IRQHandler
                0x000020b4       0x38 ./Sources/main3.o
                0x000020b4                PIT_IRQHandler
 .text.main     0x000020ec      0x2a0 ./Sources/main3.o
                0x000020ec                main
 .text.init_data_bss
                0x0000238c       0xc8 ./Project_Settings/Startup_Code/startup.o
                0x0000238c                init_data_bss
 .text.SystemInit
                0x00002454       0x38 ./Project_Settings/Startup_Code/system_MKL26Z4.o
                0x00002454                SystemInit
 .text.PORT_HAL_SetMuxMode
                0x0000248c       0x4c ./Board/board.o
 .text.CLOCK_HAL_SetLpsciSrc
                0x000024d8       0x30 ./Board/board.o
 .text.CLOCK_SYS_SetLpsciSrc
                0x00002508       0x2c ./Board/board.o
 .text.SMC_HAL_SetProtection
                0x00002534       0x1c ./Board/board.o
 .text.BOARD_InitOsc0
                0x00002550       0x40 ./Board/board.o
                0x00002550                BOARD_InitOsc0
 .text.BOARD_InitRtcOsc
                0x00002590       0x3c ./Board/board.o
                0x00002590                BOARD_InitRtcOsc
 .text.BOARD_ClockInit
                0x000025cc       0x48 ./Board/board.o
                0x000025cc                BOARD_ClockInit
 .text.dbg_uart_init
                0x00002614       0x24 ./Board/board.o
                0x00002614                dbg_uart_init
 .text.hardware_init
                0x00002638       0x1c ./Board/hardware_init.o
                0x00002638                hardware_init
 .text.PORT_HAL_SetMuxMode
                0x00002654       0x4c ./Board/pin_mux.o
 .text.configure_lpsci_pins
                0x000026a0       0x34 ./Board/pin_mux.o
                0x000026a0                configure_lpsci_pins
 .text.UART_HAL_SetBaudRate
                0x000026d4       0x6c C:/Freescale/KSDK_1.3.0/lib/ksdk_platform_lib/kds/KL26Z4/debug/libksdk_platform.a(fsl_uart_hal.o)
                0x000026d4                UART_HAL_SetBaudRate
 .text.UART_HAL_SetParityMode
                0x00002740       0x40 C:/Freescale/KSDK_1.3.0/lib/ksdk_platform_lib/kds/KL26Z4/debug/libksdk_platform.a(fsl_uart_hal.o)
                0x00002740                UART_HAL_SetParityMode
 .text.UART_HAL_Putchar
                0x00002780       0x34 C:/Freescale/KSDK_1.3.0/lib/ksdk_platform_lib/kds/KL26Z4/debug/libksdk_platform.a(fsl_uart_hal.o)
                0x00002780                UART_HAL_Putchar
 .text.UART_HAL_Getchar
                0x000027b4       0x34 C:/Freescale/KSDK_1.3.0/lib/ksdk_platform_lib/kds/KL26Z4/debug/libksdk_platform.a(fsl_uart_hal.o)
                0x000027b4                UART_HAL_Getchar
 .text.UART_HAL_SendDataPolling
                0x000027e8       0x44 C:/Freescale/KSDK_1.3.0/lib/ksdk_platform_lib/kds/KL26Z4/debug/libksdk_platform.a(fsl_uart_hal.o)
                0x000027e8                UART_HAL_SendDataPolling
 .text.UART_HAL_ReceiveDataPolling
                0x0000282c       0xa4 C:/Freescale/KSDK_1.3.0/lib/ksdk_platform_lib/kds/KL26Z4/debug/libksdk_platform.a(fsl_uart_hal.o)
                0x0000282c                UART_HAL_ReceiveDataPolling
 .text.LPSCI_HAL_Putchar
                0x000028d0       0x1c C:/Freescale/KSDK_1.3.0/lib/ksdk_platform_lib/kds/KL26Z4/debug/libksdk_platform.a(fsl_lpsci_hal.o)
 .text.LPSCI_HAL_Getchar
                0x000028ec       0x1c C:/Freescale/KSDK_1.3.0/lib/ksdk_platform_lib/kds/KL26Z4/debug/libksdk_platform.a(fsl_lpsci_hal.o)
 .text.LPSCI_HAL_SetBaudRate
                0x00002908      0x14c C:/Freescale/KSDK_1.3.0/lib/ksdk_platform_lib/kds/KL26Z4/debug/libksdk_platform.a(fsl_lpsci_hal.o)
                0x00002908                LPSCI_HAL_SetBaudRate
 .text.LPSCI_HAL_SetParityMode
                0x00002a54       0x40 C:/Freescale/KSDK_1.3.0/lib/ksdk_platform_lib/kds/KL26Z4/debug/libksdk_platform.a(fsl_lpsci_hal.o)
                0x00002a54                LPSCI_HAL_SetParityMode
 .text.LPSCI_HAL_SendDataPolling
                0x00002a94       0x44 C:/Freescale/KSDK_1.3.0/lib/ksdk_platform_lib/kds/KL26Z4/debug/libksdk_platform.a(fsl_lpsci_hal.o)
                0x00002a94                LPSCI_HAL_SendDataPolling
 .text.LPSCI_HAL_ReceiveDataPolling
                0x00002ad8       0x88 C:/Freescale/KSDK_1.3.0/lib/ksdk_platform_lib/kds/KL26Z4/debug/libksdk_platform.a(fsl_lpsci_hal.o)
                0x00002ad8                LPSCI_HAL_ReceiveDataPolling
 .text.SIM_HAL_EnableClock
                0x00002b60       0x58 C:/Freescale/KSDK_1.3.0/lib/ksdk_platform_lib/kds/KL26Z4/debug/libksdk_platform.a(fsl_clock_MKL26Z4.o)
 .text.CLOCK_HAL_GetLpsciSrc
                0x00002bb8       0x28 C:/Freescale/KSDK_1.3.0/lib/ksdk_platform_lib/kds/KL26Z4/debug/libksdk_platform.a(fsl_clock_MKL26Z4.o)
 .text.CLOCK_HAL_SetExternalRefClock32kSrc
                0x00002be0       0x28 C:/Freescale/KSDK_1.3.0/lib/ksdk_platform_lib/kds/KL26Z4/debug/libksdk_platform.a(fsl_clock_MKL26Z4.o)
 .text.CLOCK_HAL_SetPllfllSel
                0x00002c08       0x2c C:/Freescale/KSDK_1.3.0/lib/ksdk_platform_lib/kds/KL26Z4/debug/libksdk_platform.a(fsl_clock_MKL26Z4.o)
 .text.CLOCK_HAL_GetPllfllSel
                0x00002c34       0x24 C:/Freescale/KSDK_1.3.0/lib/ksdk_platform_lib/kds/KL26Z4/debug/libksdk_platform.a(fsl_clock_MKL26Z4.o)
 .text.CLOCK_HAL_GetOutDiv1
                0x00002c58       0x28 C:/Freescale/KSDK_1.3.0/lib/ksdk_platform_lib/kds/KL26Z4/debug/libksdk_platform.a(fsl_clock_MKL26Z4.o)
 .text.CLOCK_HAL_GetOutDiv4
                0x00002c80       0x28 C:/Freescale/KSDK_1.3.0/lib/ksdk_platform_lib/kds/KL26Z4/debug/libksdk_platform.a(fsl_clock_MKL26Z4.o)
 .text.OSC_HAL_GetExternalRefClkCmd
                0x00002ca8       0x24 C:/Freescale/KSDK_1.3.0/lib/ksdk_platform_lib/kds/KL26Z4/debug/libksdk_platform.a(fsl_clock_MKL26Z4.o)
 .text.CLOCK_SYS_SetSimConfigration
                0x00002ccc       0x48 C:/Freescale/KSDK_1.3.0/lib/ksdk_platform_lib/kds/KL26Z4/debug/libksdk_platform.a(fsl_clock_MKL26Z4.o)
                0x00002ccc                CLOCK_SYS_SetSimConfigration
 .text.CLOCK_SYS_SetConfiguration
                0x00002d14       0x74 C:/Freescale/KSDK_1.3.0/lib/ksdk_platform_lib/kds/KL26Z4/debug/libksdk_platform.a(fsl_clock_MKL26Z4.o)
                0x00002d14                CLOCK_SYS_SetConfiguration
 .text.CLOCK_SYS_GetCoreClockFreq
                0x00002d88       0x34 C:/Freescale/KSDK_1.3.0/lib/ksdk_platform_lib/kds/KL26Z4/debug/libksdk_platform.a(fsl_clock_MKL26Z4.o)
                0x00002d88                CLOCK_SYS_GetCoreClockFreq
 .text.CLOCK_SYS_GetSystemClockFreq
                0x00002dbc       0x34 C:/Freescale/KSDK_1.3.0/lib/ksdk_platform_lib/kds/KL26Z4/debug/libksdk_platform.a(fsl_clock_MKL26Z4.o)
                0x00002dbc                CLOCK_SYS_GetSystemClockFreq
 .text.CLOCK_SYS_GetBusClockFreq
                0x00002df0       0x2c C:/Freescale/KSDK_1.3.0/lib/ksdk_platform_lib/kds/KL26Z4/debug/libksdk_platform.a(fsl_clock_MKL26Z4.o)
                0x00002df0                CLOCK_SYS_GetBusClockFreq
 .text.CLOCK_SYS_GetPllFllClockFreq
                0x00002e1c       0x5c C:/Freescale/KSDK_1.3.0/lib/ksdk_platform_lib/kds/KL26Z4/debug/libksdk_platform.a(fsl_clock_MKL26Z4.o)
                0x00002e1c                CLOCK_SYS_GetPllFllClockFreq
 .text.CLOCK_SYS_GetOsc0ExternalRefClockFreq
                0x00002e78       0x2c C:/Freescale/KSDK_1.3.0/lib/ksdk_platform_lib/kds/KL26Z4/debug/libksdk_platform.a(fsl_clock_MKL26Z4.o)
                0x00002e78                CLOCK_SYS_GetOsc0ExternalRefClockFreq
 .text.CLOCK_SYS_GetLpsciFreq
                0x00002ea4       0x68 C:/Freescale/KSDK_1.3.0/lib/ksdk_platform_lib/kds/KL26Z4/debug/libksdk_platform.a(fsl_clock_MKL26Z4.o)
                0x00002ea4                CLOCK_SYS_GetLpsciFreq
 .text.CLOCK_SYS_GetUartFreq
                0x00002f0c       0x2c C:/Freescale/KSDK_1.3.0/lib/ksdk_platform_lib/kds/KL26Z4/debug/libksdk_platform.a(fsl_clock_MKL26Z4.o)
                0x00002f0c                CLOCK_SYS_GetUartFreq
 .text.CLOCK_SYS_EnablePortClock
                0x00002f38       0x4c C:/Freescale/KSDK_1.3.0/lib/ksdk_platform_lib/kds/KL26Z4/debug/libksdk_platform.a(fsl_clock_MKL26Z4.o)
                0x00002f38                CLOCK_SYS_EnablePortClock
 .text.CLOCK_SYS_EnableLpsciClock
                0x00002f84       0x40 C:/Freescale/KSDK_1.3.0/lib/ksdk_platform_lib/kds/KL26Z4/debug/libksdk_platform.a(fsl_clock_MKL26Z4.o)
                0x00002f84                CLOCK_SYS_EnableLpsciClock
 .text.CLOCK_SYS_EnableUartClock
                0x00002fc4       0x4c C:/Freescale/KSDK_1.3.0/lib/ksdk_platform_lib/kds/KL26Z4/debug/libksdk_platform.a(fsl_clock_MKL26Z4.o)
                0x00002fc4                CLOCK_SYS_EnableUartClock
 .text.SIM_HAL_EnableClock
                0x00003010       0x58 C:/Freescale/KSDK_1.3.0/lib/ksdk_platform_lib/kds/KL26Z4/debug/libksdk_platform.a(fsl_clock_manager.o)
 .text.CLOCK_HAL_SetClkOutSrc
                0x00003068       0x28 C:/Freescale/KSDK_1.3.0/lib/ksdk_platform_lib/kds/KL26Z4/debug/libksdk_platform.a(fsl_clock_manager.o)
 .text.CLOCK_HAL_GetClkOutStat
                0x00003090       0x20 C:/Freescale/KSDK_1.3.0/lib/ksdk_platform_lib/kds/KL26Z4/debug/libksdk_platform.a(fsl_clock_manager.o)
 .text.CLOCK_HAL_SetInternalRefClkEnableCmd
                0x000030b0       0x28 C:/Freescale/KSDK_1.3.0/lib/ksdk_platform_lib/kds/KL26Z4/debug/libksdk_platform.a(fsl_clock_manager.o)
 .text.CLOCK_HAL_SetInternalRefClkEnableInStopCmd
                0x000030d8       0x24 C:/Freescale/KSDK_1.3.0/lib/ksdk_platform_lib/kds/KL26Z4/debug/libksdk_platform.a(fsl_clock_manager.o)
 .text.CLOCK_HAL_SetInternalRefClkMode
                0x000030fc       0x24 C:/Freescale/KSDK_1.3.0/lib/ksdk_platform_lib/kds/KL26Z4/debug/libksdk_platform.a(fsl_clock_manager.o)
 .text.CLOCK_HAL_GetInternalRefClkMode
                0x00003120       0x20 C:/Freescale/KSDK_1.3.0/lib/ksdk_platform_lib/kds/KL26Z4/debug/libksdk_platform.a(fsl_clock_manager.o)
 .text.CLOCK_HAL_SetPll0EnableCmd
                0x00003140       0x28 C:/Freescale/KSDK_1.3.0/lib/ksdk_platform_lib/kds/KL26Z4/debug/libksdk_platform.a(fsl_clock_manager.o)
 .text.CLOCK_HAL_IsOsc0Stable
                0x00003168       0x24 C:/Freescale/KSDK_1.3.0/lib/ksdk_platform_lib/kds/KL26Z4/debug/libksdk_platform.a(fsl_clock_manager.o)
 .text.OSC_HAL_SetExternalRefClkCmd
                0x0000318c       0x28 C:/Freescale/KSDK_1.3.0/lib/ksdk_platform_lib/kds/KL26Z4/debug/libksdk_platform.a(fsl_clock_manager.o)
 .text.OSC_HAL_SetExternalRefClkInStopModeCmd
                0x000031b4       0x28 C:/Freescale/KSDK_1.3.0/lib/ksdk_platform_lib/kds/KL26Z4/debug/libksdk_platform.a(fsl_clock_manager.o)
 .text.CLOCK_SYS_EnableRtcClock
                0x000031dc       0x1c C:/Freescale/KSDK_1.3.0/lib/ksdk_platform_lib/kds/KL26Z4/debug/libksdk_platform.a(fsl_clock_manager.o)
 .text.RTC_HAL_SetOsc2pfLoadCmd
                0x000031f8       0x28 C:/Freescale/KSDK_1.3.0/lib/ksdk_platform_lib/kds/KL26Z4/debug/libksdk_platform.a(fsl_clock_manager.o)
 .text.RTC_HAL_SetOsc4pfLoadCmd
                0x00003220       0x28 C:/Freescale/KSDK_1.3.0/lib/ksdk_platform_lib/kds/KL26Z4/debug/libksdk_platform.a(fsl_clock_manager.o)
 .text.RTC_HAL_SetOsc8pfLoadCmd
                0x00003248       0x28 C:/Freescale/KSDK_1.3.0/lib/ksdk_platform_lib/kds/KL26Z4/debug/libksdk_platform.a(fsl_clock_manager.o)
 .text.RTC_HAL_SetOsc16pfLoadCmd
                0x00003270       0x28 C:/Freescale/KSDK_1.3.0/lib/ksdk_platform_lib/kds/KL26Z4/debug/libksdk_platform.a(fsl_clock_manager.o)
 .text.RTC_HAL_SetOscillatorCmd
                0x00003298       0x28 C:/Freescale/KSDK_1.3.0/lib/ksdk_platform_lib/kds/KL26Z4/debug/libksdk_platform.a(fsl_clock_manager.o)
 .text.RTC_HAL_IsOscillatorEnabled
                0x000032c0       0x24 C:/Freescale/KSDK_1.3.0/lib/ksdk_platform_lib/kds/KL26Z4/debug/libksdk_platform.a(fsl_clock_manager.o)
 .text.CLOCK_SYS_FllStableDelay
                0x000032e4       0x24 C:/Freescale/KSDK_1.3.0/lib/ksdk_platform_lib/kds/KL26Z4/debug/libksdk_platform.a(fsl_clock_manager.o)
 .text.CLOCK_SYS_McgModeToIdx
                0x00003308       0x6c C:/Freescale/KSDK_1.3.0/lib/ksdk_platform_lib/kds/KL26Z4/debug/libksdk_platform.a(fsl_clock_manager.o)
 .text.CLOCK_SYS_SetMcgMode
                0x00003374      0x210 C:/Freescale/KSDK_1.3.0/lib/ksdk_platform_lib/kds/KL26Z4/debug/libksdk_platform.a(fsl_clock_manager.o)
                0x00003374                CLOCK_SYS_SetMcgMode
 .text.CLOCK_SYS_OscInit
                0x00003584       0xf0 C:/Freescale/KSDK_1.3.0/lib/ksdk_platform_lib/kds/KL26Z4/debug/libksdk_platform.a(fsl_clock_manager.o)
                0x00003584                CLOCK_SYS_OscInit
 .text.CLOCK_SYS_SetOscerConfigration
                0x00003674       0x3c C:/Freescale/KSDK_1.3.0/lib/ksdk_platform_lib/kds/KL26Z4/debug/libksdk_platform.a(fsl_clock_manager.o)
                0x00003674                CLOCK_SYS_SetOscerConfigration
 .text.CLOCK_SYS_RtcOscInit
                0x000036b0       0xb0 C:/Freescale/KSDK_1.3.0/lib/ksdk_platform_lib/kds/KL26Z4/debug/libksdk_platform.a(fsl_clock_manager.o)
                0x000036b0                CLOCK_SYS_RtcOscInit
 .text.CLOCK_HAL_SetOutDiv
                0x00003760       0x50 C:/Freescale/KSDK_1.3.0/lib/ksdk_platform_lib/kds/KL26Z4/debug/libksdk_platform.a(fsl_sim_hal_MKL26Z4.o)
                0x00003760                CLOCK_HAL_SetOutDiv
 .text.OSC_HAL_SetCapacitor
                0x000037b0       0x28 C:/Freescale/KSDK_1.3.0/lib/ksdk_platform_lib/kds/KL26Z4/debug/libksdk_platform.a(fsl_osc_hal.o)
                0x000037b0                OSC_HAL_SetCapacitor
 .text.CLOCK_HAL_GetClkOutStat
                0x000037d8       0x20 C:/Freescale/KSDK_1.3.0/lib/ksdk_platform_lib/kds/KL26Z4/debug/libksdk_platform.a(fsl_mcg_hal.o)
 .text.CLOCK_HAL_SetInternalRefClkMode
                0x000037f8       0x24 C:/Freescale/KSDK_1.3.0/lib/ksdk_platform_lib/kds/KL26Z4/debug/libksdk_platform.a(fsl_mcg_hal.o)
 .text.CLOCK_HAL_GetInternalRefClkMode
                0x0000381c       0x20 C:/Freescale/KSDK_1.3.0/lib/ksdk_platform_lib/kds/KL26Z4/debug/libksdk_platform.a(fsl_mcg_hal.o)
 .text.CLOCK_HAL_IsPll0Locked
                0x0000383c       0x24 C:/Freescale/KSDK_1.3.0/lib/ksdk_platform_lib/kds/KL26Z4/debug/libksdk_platform.a(fsl_mcg_hal.o)
 .text.CLOCK_HAL_IsPllSelected
                0x00003860       0x24 C:/Freescale/KSDK_1.3.0/lib/ksdk_platform_lib/kds/KL26Z4/debug/libksdk_platform.a(fsl_mcg_hal.o)
 .text.CLOCK_HAL_IsOsc0Stable
                0x00003884       0x24 C:/Freescale/KSDK_1.3.0/lib/ksdk_platform_lib/kds/KL26Z4/debug/libksdk_platform.a(fsl_mcg_hal.o)
 .text.CLOCK_HAL_PrepareOsc
                0x000038a8       0x3c C:/Freescale/KSDK_1.3.0/lib/ksdk_platform_lib/kds/KL26Z4/debug/libksdk_platform.a(fsl_mcg_hal.o)
                0x000038a8                CLOCK_HAL_PrepareOsc
 .text.CLOCK_HAL_GetMcgExternalClkFreq
                0x000038e4       0x18 C:/Freescale/KSDK_1.3.0/lib/ksdk_platform_lib/kds/KL26Z4/debug/libksdk_platform.a(fsl_mcg_hal.o)
 .text.CLOCK_HAL_TestFllExternalRefFreq
                0x000038fc       0x7c C:/Freescale/KSDK_1.3.0/lib/ksdk_platform_lib/kds/KL26Z4/debug/libksdk_platform.a(fsl_mcg_hal.o)
                0x000038fc                CLOCK_HAL_TestFllExternalRefFreq
 .text.CLOCK_HAL_GetFllRefClk
                0x00003978       0x8c C:/Freescale/KSDK_1.3.0/lib/ksdk_platform_lib/kds/KL26Z4/debug/libksdk_platform.a(fsl_mcg_hal.o)
                0x00003978                CLOCK_HAL_GetFllRefClk
 .text.CLOCK_HAL_TestFllFreq
                0x00003a04       0x6c C:/Freescale/KSDK_1.3.0/lib/ksdk_platform_lib/kds/KL26Z4/debug/libksdk_platform.a(fsl_mcg_hal.o)
                0x00003a04                CLOCK_HAL_TestFllFreq
 .text.CLOCK_HAL_GetFllClk
                0x00003a70       0x7c C:/Freescale/KSDK_1.3.0/lib/ksdk_platform_lib/kds/KL26Z4/debug/libksdk_platform.a(fsl_mcg_hal.o)
                0x00003a70                CLOCK_HAL_GetFllClk
 .text.CLOCK_HAL_UpdateFastClkInternalRefDiv
                0x00003aec       0xb8 C:/Freescale/KSDK_1.3.0/lib/ksdk_platform_lib/kds/KL26Z4/debug/libksdk_platform.a(fsl_mcg_hal.o)
                0x00003aec                CLOCK_HAL_UpdateFastClkInternalRefDiv
 .text.CLOCK_HAL_GetPll0RefFreq
                0x00003ba4       0x1c C:/Freescale/KSDK_1.3.0/lib/ksdk_platform_lib/kds/KL26Z4/debug/libksdk_platform.a(fsl_mcg_hal.o)
                0x00003ba4                CLOCK_HAL_GetPll0RefFreq
 .text.CLOCK_HAL_GetPll0Clk
                0x00003bc0       0x90 C:/Freescale/KSDK_1.3.0/lib/ksdk_platform_lib/kds/KL26Z4/debug/libksdk_platform.a(fsl_mcg_hal.o)
                0x00003bc0                CLOCK_HAL_GetPll0Clk
 .text.CLOCK_HAL_EnablePll0InFllMode
                0x00003c50       0x8c C:/Freescale/KSDK_1.3.0/lib/ksdk_platform_lib/kds/KL26Z4/debug/libksdk_platform.a(fsl_mcg_hal.o)
                0x00003c50                CLOCK_HAL_EnablePll0InFllMode
 .text.CLOCK_HAL_GetInternalRefClk
                0x00003cdc       0x64 C:/Freescale/KSDK_1.3.0/lib/ksdk_platform_lib/kds/KL26Z4/debug/libksdk_platform.a(fsl_mcg_hal.o)
                0x00003cdc                CLOCK_HAL_GetInternalRefClk
 .text.CLOCK_HAL_GetOutClk
                0x00003d40       0x7c C:/Freescale/KSDK_1.3.0/lib/ksdk_platform_lib/kds/KL26Z4/debug/libksdk_platform.a(fsl_mcg_hal.o)
                0x00003d40                CLOCK_HAL_GetOutClk
 .text.CLOCK_HAL_SetOsc0Mode
                0x00003dbc       0x68 C:/Freescale/KSDK_1.3.0/lib/ksdk_platform_lib/kds/KL26Z4/debug/libksdk_platform.a(fsl_mcg_hal.o)
                0x00003dbc                CLOCK_HAL_SetOsc0Mode
 .text.CLOCK_HAL_GetClkOutStat
                0x00003e24       0x20 C:/Freescale/KSDK_1.3.0/lib/ksdk_platform_lib/kds/KL26Z4/debug/libksdk_platform.a(fsl_mcg_hal_modes.o)
 .text.CLOCK_HAL_GetFllSrc
                0x00003e44       0x20 C:/Freescale/KSDK_1.3.0/lib/ksdk_platform_lib/kds/KL26Z4/debug/libksdk_platform.a(fsl_mcg_hal_modes.o)
 .text.CLOCK_HAL_GetInternalRefClkMode
                0x00003e64       0x20 C:/Freescale/KSDK_1.3.0/lib/ksdk_platform_lib/kds/KL26Z4/debug/libksdk_platform.a(fsl_mcg_hal_modes.o)
 .text.CLOCK_HAL_SetPll0EnableCmd
                0x00003e84       0x28 C:/Freescale/KSDK_1.3.0/lib/ksdk_platform_lib/kds/KL26Z4/debug/libksdk_platform.a(fsl_mcg_hal_modes.o)
 .text.CLOCK_HAL_IsPll0Locked
                0x00003eac       0x24 C:/Freescale/KSDK_1.3.0/lib/ksdk_platform_lib/kds/KL26Z4/debug/libksdk_platform.a(fsl_mcg_hal_modes.o)
 .text.CLOCK_HAL_IsPllSelected
                0x00003ed0       0x24 C:/Freescale/KSDK_1.3.0/lib/ksdk_platform_lib/kds/KL26Z4/debug/libksdk_platform.a(fsl_mcg_hal_modes.o)
 .text.CLOCK_HAL_IsOsc0Stable
                0x00003ef4       0x24 C:/Freescale/KSDK_1.3.0/lib/ksdk_platform_lib/kds/KL26Z4/debug/libksdk_platform.a(fsl_mcg_hal_modes.o)
 .text.CLOCK_HAL_GetMcgMode
                0x00003f18      0x148 C:/Freescale/KSDK_1.3.0/lib/ksdk_platform_lib/kds/KL26Z4/debug/libksdk_platform.a(fsl_mcg_hal_modes.o)
                0x00003f18                CLOCK_HAL_GetMcgMode
 .text.CLOCK_HAL_SetFeiMode
                0x00004060       0xf8 C:/Freescale/KSDK_1.3.0/lib/ksdk_platform_lib/kds/KL26Z4/debug/libksdk_platform.a(fsl_mcg_hal_modes.o)
                0x00004060                CLOCK_HAL_SetFeiMode
 .text.CLOCK_HAL_SetFeeMode
                0x00004158      0x130 C:/Freescale/KSDK_1.3.0/lib/ksdk_platform_lib/kds/KL26Z4/debug/libksdk_platform.a(fsl_mcg_hal_modes.o)
                0x00004158                CLOCK_HAL_SetFeeMode
 .text.CLOCK_HAL_SetFbiMode
                0x00004288      0x144 C:/Freescale/KSDK_1.3.0/lib/ksdk_platform_lib/kds/KL26Z4/debug/libksdk_platform.a(fsl_mcg_hal_modes.o)
                0x00004288                CLOCK_HAL_SetFbiMode
 .text.CLOCK_HAL_SetFbeMode
                0x000043cc      0x164 C:/Freescale/KSDK_1.3.0/lib/ksdk_platform_lib/kds/KL26Z4/debug/libksdk_platform.a(fsl_mcg_hal_modes.o)
                0x000043cc                CLOCK_HAL_SetFbeMode
 .text.CLOCK_HAL_SetBlpiMode
                0x00004530       0x68 C:/Freescale/KSDK_1.3.0/lib/ksdk_platform_lib/kds/KL26Z4/debug/libksdk_platform.a(fsl_mcg_hal_modes.o)
                0x00004530                CLOCK_HAL_SetBlpiMode
 .text.CLOCK_HAL_SetBlpeMode
                0x00004598       0x34 C:/Freescale/KSDK_1.3.0/lib/ksdk_platform_lib/kds/KL26Z4/debug/libksdk_platform.a(fsl_mcg_hal_modes.o)
                0x00004598                CLOCK_HAL_SetBlpeMode
 .text.CLOCK_HAL_SetPbeMode
                0x000045cc      0x100 C:/Freescale/KSDK_1.3.0/lib/ksdk_platform_lib/kds/KL26Z4/debug/libksdk_platform.a(fsl_mcg_hal_modes.o)
                0x000045cc                CLOCK_HAL_SetPbeMode
 .text.CLOCK_HAL_SetPeeMode
                0x000046cc       0x30 C:/Freescale/KSDK_1.3.0/lib/ksdk_platform_lib/kds/KL26Z4/debug/libksdk_platform.a(fsl_mcg_hal_modes.o)
                0x000046cc                CLOCK_HAL_SetPeeMode
 .text.__assert_func
                0x000046fc       0x3c c:/freescale/kds_3.0.0/toolchain/bin/../lib/gcc/arm-none-eabi/4.8.4/../../../../arm-none-eabi/lib/armv6-m\libg_s.a(lib_a-assert.o)
                0x000046fc                __assert_func
 .text.exit     0x00004738       0x2c c:/freescale/kds_3.0.0/toolchain/bin/../lib/gcc/arm-none-eabi/4.8.4/../../../../arm-none-eabi/lib/armv6-m\libg_s.a(lib_a-exit.o)
                0x00004738                exit
 .text.fprintf  0x00004764       0x24 c:/freescale/kds_3.0.0/toolchain/bin/../lib/gcc/arm-none-eabi/4.8.4/../../../../arm-none-eabi/lib/armv6-m\libg_s.a(lib_a-fprintf.o)
                0x00004764                fiprintf
                0x00004764                fprintf
 .text.__libc_init_array
                0x00004788       0x4c c:/freescale/kds_3.0.0/toolchain/bin/../lib/gcc/arm-none-eabi/4.8.4/../../../../arm-none-eabi/lib/armv6-m\libg_s.a(lib_a-init.o)
                0x00004788                __libc_init_array
 .text.memcpy   0x000047d4       0x12 c:/freescale/kds_3.0.0/toolchain/bin/../lib/gcc/arm-none-eabi/4.8.4/../../../../arm-none-eabi/lib/armv6-m\libg_s.a(lib_a-memcpy-stub.o)
                0x000047d4                memcpy
 .text.memset   0x000047e6       0x10 c:/freescale/kds_3.0.0/toolchain/bin/../lib/gcc/arm-none-eabi/4.8.4/../../../../arm-none-eabi/lib/armv6-m\libg_s.a(lib_a-memset.o)
                0x000047e6                memset
 *fill*         0x000047f6        0x2 
 .text._free_r  0x000047f8       0x90 c:/freescale/kds_3.0.0/toolchain/bin/../lib/gcc/arm-none-eabi/4.8.4/../../../../arm-none-eabi/lib/armv6-m\libg_s.a(lib_a-nano-freer.o)
                0x000047f8                _free_r
 .text._malloc_r
                0x00004888       0xa8 c:/freescale/kds_3.0.0/toolchain/bin/../lib/gcc/arm-none-eabi/4.8.4/../../../../arm-none-eabi/lib/armv6-m\libg_s.a(lib_a-nano-mallocr.o)
                0x00004888                _malloc_r
 .text._puts_r  0x00004930       0xc2 c:/freescale/kds_3.0.0/toolchain/bin/../lib/gcc/arm-none-eabi/4.8.4/../../../../arm-none-eabi/lib/armv6-m\libg_s.a(lib_a-puts.o)
                0x00004930                _puts_r
 *fill*         0x000049f2        0x2 
 .text.puts     0x000049f4       0x14 c:/freescale/kds_3.0.0/toolchain/bin/../lib/gcc/arm-none-eabi/4.8.4/../../../../arm-none-eabi/lib/armv6-m\libg_s.a(lib_a-puts.o)
                0x000049f4                puts
 .text._sbrk_r  0x00004a08       0x24 c:/freescale/kds_3.0.0/toolchain/bin/../lib/gcc/arm-none-eabi/4.8.4/../../../../arm-none-eabi/lib/armv6-m\libg_s.a(lib_a-sbrkr.o)
                0x00004a08                _sbrk_r
 .text.strcat   0x00004a2c       0x1a c:/freescale/kds_3.0.0/toolchain/bin/../lib/gcc/arm-none-eabi/4.8.4/../../../../arm-none-eabi/lib/armv6-m\libg_s.a(lib_a-strcat.o)
                0x00004a2c                strcat
 .text.strchr   0x00004a46       0x18 c:/freescale/kds_3.0.0/toolchain/bin/../lib/gcc/arm-none-eabi/4.8.4/../../../../arm-none-eabi/lib/armv6-m\libg_s.a(lib_a-strchr.o)
                0x00004a46                strchr
 .text.strlen   0x00004a5e        0xe c:/freescale/kds_3.0.0/toolchain/bin/../lib/gcc/arm-none-eabi/4.8.4/../../../../arm-none-eabi/lib/armv6-m\libg_s.a(lib_a-strlen.o)
                0x00004a5e                strlen
 .text.strstr   0x00004a6c       0x32 c:/freescale/kds_3.0.0/toolchain/bin/../lib/gcc/arm-none-eabi/4.8.4/../../../../arm-none-eabi/lib/armv6-m\libg_s.a(lib_a-strstr.o)
                0x00004a6c                strstr
 .text.__sfputc_r
                0x00004a9e       0x2a c:/freescale/kds_3.0.0/toolchain/bin/../lib/gcc/arm-none-eabi/4.8.4/../../../../arm-none-eabi/lib/armv6-m\libg_s.a(lib_a-vfprintf.o)
 .text.__sfputs_r
                0x00004ac8       0x24 c:/freescale/kds_3.0.0/toolchain/bin/../lib/gcc/arm-none-eabi/4.8.4/../../../../arm-none-eabi/lib/armv6-m\libg_s.a(lib_a-vfprintf.o)
                0x00004ac8                __sfputs_r
 .text._vfprintf_r
                0x00004aec      0x210 c:/freescale/kds_3.0.0/toolchain/bin/../lib/gcc/arm-none-eabi/4.8.4/../../../../arm-none-eabi/lib/armv6-m\libg_s.a(lib_a-vfprintf.o)
                0x00004aec                _vfprintf_r
                0x00004aec                _vfiprintf_r
 .text._printf_common
                0x00004cfc       0xe8 c:/freescale/kds_3.0.0/toolchain/bin/../lib/gcc/arm-none-eabi/4.8.4/../../../../arm-none-eabi/lib/armv6-m\libg_s.a(lib_a-vfprintf_i.o)
                0x00004cfc                _printf_common
 .text._printf_i
                0x00004de4      0x22c c:/freescale/kds_3.0.0/toolchain/bin/../lib/gcc/arm-none-eabi/4.8.4/../../../../arm-none-eabi/lib/armv6-m\libg_s.a(lib_a-vfprintf_i.o)
                0x00004de4                _printf_i
 .text.__swbuf_r
                0x00005010       0xb0 c:/freescale/kds_3.0.0/toolchain/bin/../lib/gcc/arm-none-eabi/4.8.4/../../../../arm-none-eabi/lib/armv6-m\libg_s.a(lib_a-wbuf.o)
                0x00005010                __swbuf_r
 .text.__swsetup_r
                0x000050c0       0xe4 c:/freescale/kds_3.0.0/toolchain/bin/../lib/gcc/arm-none-eabi/4.8.4/../../../../arm-none-eabi/lib/armv6-m\libg_s.a(lib_a-wsetup.o)
                0x000050c0                __swsetup_r
 .text.abort    0x000051a4        0xe c:/freescale/kds_3.0.0/toolchain/bin/../lib/gcc/arm-none-eabi/4.8.4/../../../../arm-none-eabi/lib/armv6-m\libg_s.a(lib_a-abort.o)
                0x000051a4                abort
 .text.__sflush_r
                0x000051b2      0x112 c:/freescale/kds_3.0.0/toolchain/bin/../lib/gcc/arm-none-eabi/4.8.4/../../../../arm-none-eabi/lib/armv6-m\libg_s.a(lib_a-fflush.o)
                0x000051b2                __sflush_r
 .text._fflush_r
                0x000052c4       0x58 c:/freescale/kds_3.0.0/toolchain/bin/../lib/gcc/arm-none-eabi/4.8.4/../../../../arm-none-eabi/lib/armv6-m\libg_s.a(lib_a-fflush.o)
                0x000052c4                _fflush_r
 .text._cleanup_r
                0x0000531c       0x34 c:/freescale/kds_3.0.0/toolchain/bin/../lib/gcc/arm-none-eabi/4.8.4/../../../../arm-none-eabi/lib/armv6-m\libg_s.a(lib_a-findfp.o)
                0x0000531c                _cleanup_r
 .text.std.isra.0
                0x00005350       0x48 c:/freescale/kds_3.0.0/toolchain/bin/../lib/gcc/arm-none-eabi/4.8.4/../../../../arm-none-eabi/lib/armv6-m\libg_s.a(lib_a-findfp.o)
 .text.__sfmoreglue
                0x00005398       0x2c c:/freescale/kds_3.0.0/toolchain/bin/../lib/gcc/arm-none-eabi/4.8.4/../../../../arm-none-eabi/lib/armv6-m\libg_s.a(lib_a-findfp.o)
                0x00005398                __sfmoreglue
 .text.__sinit  0x000053c4       0x64 c:/freescale/kds_3.0.0/toolchain/bin/../lib/gcc/arm-none-eabi/4.8.4/../../../../arm-none-eabi/lib/armv6-m\libg_s.a(lib_a-findfp.o)
                0x000053c4                __sinit
 .text.__sfp    0x00005428       0x7c c:/freescale/kds_3.0.0/toolchain/bin/../lib/gcc/arm-none-eabi/4.8.4/../../../../arm-none-eabi/lib/armv6-m\libg_s.a(lib_a-findfp.o)
                0x00005428                __sfp
 .text.__smakebuf_r
                0x000054a4       0xa0 c:/freescale/kds_3.0.0/toolchain/bin/../lib/gcc/arm-none-eabi/4.8.4/../../../../arm-none-eabi/lib/armv6-m\libg_s.a(lib_a-makebuf.o)
                0x000054a4                __smakebuf_r
 .text.memchr   0x00005544       0x16 c:/freescale/kds_3.0.0/toolchain/bin/../lib/gcc/arm-none-eabi/4.8.4/../../../../arm-none-eabi/lib/armv6-m\libg_s.a(lib_a-memchr-stub.o)
                0x00005544                memchr
 .text._raise_r
                0x0000555a       0x56 c:/freescale/kds_3.0.0/toolchain/bin/../lib/gcc/arm-none-eabi/4.8.4/../../../../arm-none-eabi/lib/armv6-m\libg_s.a(lib_a-signal.o)
                0x0000555a                _raise_r
 .text.raise    0x000055b0       0x14 c:/freescale/kds_3.0.0/toolchain/bin/../lib/gcc/arm-none-eabi/4.8.4/../../../../arm-none-eabi/lib/armv6-m\libg_s.a(lib_a-signal.o)
                0x000055b0                raise
 .text._kill_r  0x000055c4       0x24 c:/freescale/kds_3.0.0/toolchain/bin/../lib/gcc/arm-none-eabi/4.8.4/../../../../arm-none-eabi/lib/armv6-m\libg_s.a(lib_a-signalr.o)
                0x000055c4                _kill_r
 .text._getpid_r
                0x000055e8        0x8 c:/freescale/kds_3.0.0/toolchain/bin/../lib/gcc/arm-none-eabi/4.8.4/../../../../arm-none-eabi/lib/armv6-m\libg_s.a(lib_a-signalr.o)
                0x000055e8                _getpid_r
 .text.__sread  0x000055f0       0x28 c:/freescale/kds_3.0.0/toolchain/bin/../lib/gcc/arm-none-eabi/4.8.4/../../../../arm-none-eabi/lib/armv6-m\libg_s.a(lib_a-stdio.o)
                0x000055f0                __sread
 .text.__swrite
                0x00005618       0x38 c:/freescale/kds_3.0.0/toolchain/bin/../lib/gcc/arm-none-eabi/4.8.4/../../../../arm-none-eabi/lib/armv6-m\libg_s.a(lib_a-stdio.o)
                0x00005618                __swrite
 .text.__sseek  0x00005650       0x2c c:/freescale/kds_3.0.0/toolchain/bin/../lib/gcc/arm-none-eabi/4.8.4/../../../../arm-none-eabi/lib/armv6-m\libg_s.a(lib_a-stdio.o)
                0x00005650                __sseek
 .text.__sclose
                0x0000567c        0xc c:/freescale/kds_3.0.0/toolchain/bin/../lib/gcc/arm-none-eabi/4.8.4/../../../../arm-none-eabi/lib/armv6-m\libg_s.a(lib_a-stdio.o)
                0x0000567c                __sclose
 .text._write_r
                0x00005688       0x28 c:/freescale/kds_3.0.0/toolchain/bin/../lib/gcc/arm-none-eabi/4.8.4/../../../../arm-none-eabi/lib/armv6-m\libg_s.a(lib_a-writer.o)
                0x00005688                _write_r
 .text._close_r
                0x000056b0       0x24 c:/freescale/kds_3.0.0/toolchain/bin/../lib/gcc/arm-none-eabi/4.8.4/../../../../arm-none-eabi/lib/armv6-m\libg_s.a(lib_a-closer.o)
                0x000056b0                _close_r
 .text._fstat_r
                0x000056d4       0x24 c:/freescale/kds_3.0.0/toolchain/bin/../lib/gcc/arm-none-eabi/4.8.4/../../../../arm-none-eabi/lib/armv6-m\libg_s.a(lib_a-fstatr.o)
                0x000056d4                _fstat_r
 .text._isatty_r
                0x000056f8       0x24 c:/freescale/kds_3.0.0/toolchain/bin/../lib/gcc/arm-none-eabi/4.8.4/../../../../arm-none-eabi/lib/armv6-m\libg_s.a(lib_a-isattyr.o)
                0x000056f8                _isatty_r
 .text._lseek_r
                0x0000571c       0x28 c:/freescale/kds_3.0.0/toolchain/bin/../lib/gcc/arm-none-eabi/4.8.4/../../../../arm-none-eabi/lib/armv6-m\libg_s.a(lib_a-lseekr.o)
                0x0000571c                _lseek_r
 .text._read_r  0x00005744       0x28 c:/freescale/kds_3.0.0/toolchain/bin/../lib/gcc/arm-none-eabi/4.8.4/../../../../arm-none-eabi/lib/armv6-m\libg_s.a(lib_a-readr.o)
                0x00005744                _read_r
 .text._close   0x0000576c       0x10 c:/freescale/kds_3.0.0/toolchain/bin/../lib/gcc/arm-none-eabi/4.8.4/../../../../arm-none-eabi/lib/armv6-m\libnosys.a(close.o)
                0x0000576c                _close
 .text._fstat   0x0000577c       0x10 c:/freescale/kds_3.0.0/toolchain/bin/../lib/gcc/arm-none-eabi/4.8.4/../../../../arm-none-eabi/lib/armv6-m\libnosys.a(fstat.o)
                0x0000577c                _fstat
 .text._getpid  0x0000578c       0x10 c:/freescale/kds_3.0.0/toolchain/bin/../lib/gcc/arm-none-eabi/4.8.4/../../../../arm-none-eabi/lib/armv6-m\libnosys.a(getpid.o)
                0x0000578c                _getpid
 .text._isatty  0x0000579c       0x10 c:/freescale/kds_3.0.0/toolchain/bin/../lib/gcc/arm-none-eabi/4.8.4/../../../../arm-none-eabi/lib/armv6-m\libnosys.a(isatty.o)
                0x0000579c                _isatty
 .text._kill    0x000057ac       0x10 c:/freescale/kds_3.0.0/toolchain/bin/../lib/gcc/arm-none-eabi/4.8.4/../../../../arm-none-eabi/lib/armv6-m\libnosys.a(kill.o)
                0x000057ac                _kill
 .text._lseek   0x000057bc       0x10 c:/freescale/kds_3.0.0/toolchain/bin/../lib/gcc/arm-none-eabi/4.8.4/../../../../arm-none-eabi/lib/armv6-m\libnosys.a(lseek.o)
                0x000057bc                _lseek
 .text._sbrk    0x000057cc       0x34 c:/freescale/kds_3.0.0/toolchain/bin/../lib/gcc/arm-none-eabi/4.8.4/../../../../arm-none-eabi/lib/armv6-m\libnosys.a(sbrk.o)
                0x000057cc                _sbrk
 .text._exit    0x00005800        0x4 c:/freescale/kds_3.0.0/toolchain/bin/../lib/gcc/arm-none-eabi/4.8.4/../../../../arm-none-eabi/lib/armv6-m\libnosys.a(_exit.o)
                0x00005800                _exit
 *(.rodata)
 .rodata        0x00005804        0xc ./Utilities/fsl_debug_console.o
 .rodata        0x00005810      0x25c ./Sources/main3.o
 .rodata        0x00005a6c       0x44 ./Board/board.o
 .rodata        0x00005ab0       0x44 ./Board/pin_mux.o
 .rodata        0x00005af4      0x22c C:/Freescale/KSDK_1.3.0/lib/ksdk_platform_lib/kds/KL26Z4/debug/libksdk_platform.a(fsl_clock_MKL26Z4.o)
 .rodata        0x00005d20       0xcc C:/Freescale/KSDK_1.3.0/lib/ksdk_platform_lib/kds/KL26Z4/debug/libksdk_platform.a(fsl_clock_manager.o)
 .rodata        0x00005dec       0x40 c:/freescale/kds_3.0.0/toolchain/bin/../lib/gcc/arm-none-eabi/4.8.4/armv6-m\libgcc.a(mulsf3.o)
 *(.rodata*)
 .rodata._doprint
                0x00005e2c       0xc8 ./Utilities/print_scan.o
 .rodata.main   0x00005ef4       0x30 ./Sources/main3.o
 .rodata.g_defaultClockConfigRun
                0x00005f24       0x14 ./Board/board.o
                0x00005f24                g_defaultClockConfigRun
 .rodata.__func__.5149
                0x00005f38       0x14 ./Board/board.o
 .rodata.__func__.5125
                0x00005f4c       0x14 ./Board/pin_mux.o
 .rodata.portGateTable
                0x00005f60        0x8 C:/Freescale/KSDK_1.3.0/lib/ksdk_platform_lib/kds/KL26Z4/debug/libksdk_platform.a(fsl_clock_MKL26Z4.o)
 .rodata.uartGateTable
                0x00005f68        0x4 C:/Freescale/KSDK_1.3.0/lib/ksdk_platform_lib/kds/KL26Z4/debug/libksdk_platform.a(fsl_clock_MKL26Z4.o)
 .rodata.__func__.6218
                0x00005f6c       0x1c C:/Freescale/KSDK_1.3.0/lib/ksdk_platform_lib/kds/KL26Z4/debug/libksdk_platform.a(fsl_clock_MKL26Z4.o)
 .rodata.__func__.6364
                0x00005f88       0x1c C:/Freescale/KSDK_1.3.0/lib/ksdk_platform_lib/kds/KL26Z4/debug/libksdk_platform.a(fsl_clock_MKL26Z4.o)
 .rodata.__func__.6437
                0x00005fa4       0x1c C:/Freescale/KSDK_1.3.0/lib/ksdk_platform_lib/kds/KL26Z4/debug/libksdk_platform.a(fsl_clock_MKL26Z4.o)
 .rodata.__func__.6442
                0x00005fc0       0x1c C:/Freescale/KSDK_1.3.0/lib/ksdk_platform_lib/kds/KL26Z4/debug/libksdk_platform.a(fsl_clock_MKL26Z4.o)
 .rodata.mcgModeMatrix
                0x00005fdc       0x40 C:/Freescale/KSDK_1.3.0/lib/ksdk_platform_lib/kds/KL26Z4/debug/libksdk_platform.a(fsl_clock_manager.o)
 .rodata.CLOCK_SYS_SetMcgMode
                0x0000601c       0x20 C:/Freescale/KSDK_1.3.0/lib/ksdk_platform_lib/kds/KL26Z4/debug/libksdk_platform.a(fsl_clock_manager.o)
 .rodata.__func__.6632
                0x0000603c       0x18 C:/Freescale/KSDK_1.3.0/lib/ksdk_platform_lib/kds/KL26Z4/debug/libksdk_platform.a(fsl_clock_manager.o)
 .rodata.__func__.6665
                0x00006054       0x14 C:/Freescale/KSDK_1.3.0/lib/ksdk_platform_lib/kds/KL26Z4/debug/libksdk_platform.a(fsl_clock_manager.o)
 .rodata.__func__.6682
                0x00006068       0x18 C:/Freescale/KSDK_1.3.0/lib/ksdk_platform_lib/kds/KL26Z4/debug/libksdk_platform.a(fsl_clock_manager.o)
 .rodata.g_oscBase
                0x00006080        0x4 C:/Freescale/KSDK_1.3.0/lib/ksdk_platform_lib/kds/KL26Z4/debug/libksdk_platform.a(fsl_clock_manager_common.o)
                0x00006080                g_oscBase
 .rodata.fllFactorTable.5239
                0x00006084       0x10 C:/Freescale/KSDK_1.3.0/lib/ksdk_platform_lib/kds/KL26Z4/debug/libksdk_platform.a(fsl_mcg_hal.o)
 .rodata.str1.1
                0x00006094       0x3c c:/freescale/kds_3.0.0/toolchain/bin/../lib/gcc/arm-none-eabi/4.8.4/../../../../arm-none-eabi/lib/armv6-m\libg_s.a(lib_a-assert.o)
                                 0x3d (size before relaxing)
 .rodata.str1.1
                0x000060d0        0x2 c:/freescale/kds_3.0.0/toolchain/bin/../lib/gcc/arm-none-eabi/4.8.4/../../../../arm-none-eabi/lib/armv6-m\libg_s.a(lib_a-impure.o)
 *fill*         0x000060d2        0x2 
 .rodata._global_impure_ptr
                0x000060d4        0x4 c:/freescale/kds_3.0.0/toolchain/bin/../lib/gcc/arm-none-eabi/4.8.4/../../../../arm-none-eabi/lib/armv6-m\libg_s.a(lib_a-impure.o)
                0x000060d4                _global_impure_ptr
 .rodata.str1.1
                0x000060d8       0x11 c:/freescale/kds_3.0.0/toolchain/bin/../lib/gcc/arm-none-eabi/4.8.4/../../../../arm-none-eabi/lib/armv6-m\libg_s.a(lib_a-vfprintf.o)
 .rodata.str1.1
                0x000060e9       0x22 c:/freescale/kds_3.0.0/toolchain/bin/../lib/gcc/arm-none-eabi/4.8.4/../../../../arm-none-eabi/lib/armv6-m\libg_s.a(lib_a-vfprintf_i.o)
 *fill*         0x0000610b        0x1 
 .rodata.__sf_fake_stdin
                0x0000610c       0x20 c:/freescale/kds_3.0.0/toolchain/bin/../lib/gcc/arm-none-eabi/4.8.4/../../../../arm-none-eabi/lib/armv6-m\libg_s.a(lib_a-findfp.o)
                0x0000610c                __sf_fake_stdin
 .rodata.__sf_fake_stdout
                0x0000612c       0x20 c:/freescale/kds_3.0.0/toolchain/bin/../lib/gcc/arm-none-eabi/4.8.4/../../../../arm-none-eabi/lib/armv6-m\libg_s.a(lib_a-findfp.o)
                0x0000612c                __sf_fake_stdout
 .rodata.__sf_fake_stderr
                0x0000614c       0x20 c:/freescale/kds_3.0.0/toolchain/bin/../lib/gcc/arm-none-eabi/4.8.4/../../../../arm-none-eabi/lib/armv6-m\libg_s.a(lib_a-findfp.o)
                0x0000614c                __sf_fake_stderr
 *(.glue_7)
 .glue_7        0x00000000        0x0 linker stubs
 *(.glue_7t)
 .glue_7t       0x00000000        0x0 linker stubs
 *(.eh_frame)
 .eh_frame      0x0000616c        0x0 c:/freescale/kds_3.0.0/toolchain/bin/../lib/gcc/arm-none-eabi/4.8.4/armv6-m/crtbegin.o
 *(.init)
 .init          0x0000616c        0x4 c:/freescale/kds_3.0.0/toolchain/bin/../lib/gcc/arm-none-eabi/4.8.4/armv6-m/crti.o
                0x0000616c                _init
 .init          0x00006170        0x8 c:/freescale/kds_3.0.0/toolchain/bin/../lib/gcc/arm-none-eabi/4.8.4/armv6-m/crtn.o
 *(.fini)
 .fini          0x00006178        0x4 c:/freescale/kds_3.0.0/toolchain/bin/../lib/gcc/arm-none-eabi/4.8.4/armv6-m/crti.o
                0x00006178                _fini
 .fini          0x0000617c        0x8 c:/freescale/kds_3.0.0/toolchain/bin/../lib/gcc/arm-none-eabi/4.8.4/armv6-m/crtn.o
                0x00006184                . = ALIGN (0x4)

.vfp11_veneer   0x00006184        0x0
 .vfp11_veneer  0x00000000        0x0 linker stubs

.v4_bx          0x00006184        0x0
 .v4_bx         0x00000000        0x0 linker stubs

.iplt           0x00006184        0x0
 .iplt          0x00000000        0x0 c:/freescale/kds_3.0.0/toolchain/bin/../lib/gcc/arm-none-eabi/4.8.4/armv6-m/crtbegin.o

.ARM.extab
 *(.ARM.extab* .gnu.linkonce.armextab.*)

.ARM            0x00006184        0x8
                0x00006184                __exidx_start = .
 *(.ARM.exidx*)
 .ARM.exidx     0x00006184        0x8 c:/freescale/kds_3.0.0/toolchain/bin/../lib/gcc/arm-none-eabi/4.8.4/../../../../arm-none-eabi/lib/armv6-m/crt0.o
                0x0000618c                __exidx_end = .

.rel.dyn        0x0000618c        0x0
 .rel.iplt      0x00000000        0x0 c:/freescale/kds_3.0.0/toolchain/bin/../lib/gcc/arm-none-eabi/4.8.4/armv6-m/crtbegin.o

.ctors          0x0000618c        0x0
                0x0000618c                __CTOR_LIST__ = .
 *crtbegin.o(.ctors)
 *crtbegin?.o(.ctors)
 *(EXCLUDE_FILE(*crtend.o *crtend?.o) .ctors)
 *(SORT(.ctors.*))
 *(.ctors)
                0x0000618c                __CTOR_END__ = .

.dtors          0x0000618c        0x0
                0x0000618c                __DTOR_LIST__ = .
 *crtbegin.o(.dtors)
 *crtbegin?.o(.dtors)
 *(EXCLUDE_FILE(*crtend.o *crtend?.o) .dtors)
 *(SORT(.dtors.*))
 *(.dtors)
                0x0000618c                __DTOR_END__ = .

.preinit_array  0x0000618c        0x0
                0x0000618c                PROVIDE (__preinit_array_start, .)
 *(.preinit_array*)
                0x0000618c                PROVIDE (__preinit_array_end, .)

.init_array     0x0000618c        0x4
                0x0000618c                PROVIDE (__init_array_start, .)
 *(SORT(.init_array.*))
 *(.init_array*)
 .init_array    0x0000618c        0x4 c:/freescale/kds_3.0.0/toolchain/bin/../lib/gcc/arm-none-eabi/4.8.4/armv6-m/crtbegin.o
                0x00006190                PROVIDE (__init_array_end, .)

.fini_array     0x00006190        0x4
                0x00006190                PROVIDE (__fini_array_start, .)
 *(SORT(.fini_array.*))
 *(.fini_array*)
 .fini_array    0x00006190        0x4 c:/freescale/kds_3.0.0/toolchain/bin/../lib/gcc/arm-none-eabi/4.8.4/armv6-m/crtbegin.o
                0x00006194                PROVIDE (__fini_array_end, .)
                0x00006194                __etext = .
                0x00006194                __DATA_ROM = .

.mtb            0x1ffff000        0x0
                0x1ffff000                . = ALIGN (0x8)
                0x1ffff000                _mtb_start = .
 *(.mtb_buf)
                0x1ffff000                . = ALIGN (0x8)
                0x1ffff000                _mtb_end = .

.interrupts_ram
                0x1ffff000        0x0
                0x1ffff000                . = ALIGN (0x4)
                0x1ffff000                __VECTOR_RAM__ = .
                0x1ffff000                __interrupts_ram_start__ = .
 *(.m_interrupts_ram)
                0x1ffff000                . = (. + M_VECTOR_RAM_SIZE)
                0x1ffff000                . = ALIGN (0x4)
                0x1ffff000                __interrupts_ram_end__ = .
                0x00000000                __VECTOR_RAM = DEFINED (__ram_vector_table__)?__VECTOR_RAM__:ORIGIN (m_interrupts)
                0x00000000                __RAM_VECTOR_TABLE_SIZE_BYTES = DEFINED (__ram_vector_table__)?(__interrupts_ram_end__ - __interrupts_ram_start__):0x0

.data           0x1ffff000       0x74 load address 0x00006194
                0x1ffff000                . = ALIGN (0x4)
                0x1ffff000                __DATA_RAM = .
                0x1ffff000                __data_start__ = .
 *(.data)
 *(.data*)
 .data.SystemCoreClock
                0x1ffff000        0x4 ./Project_Settings/Startup_Code/system_MKL26Z4.o
                0x1ffff000                SystemCoreClock
 .data.g_fastInternalRefClkFreq
                0x1ffff004        0x4 C:/Freescale/KSDK_1.3.0/lib/ksdk_platform_lib/kds/KL26Z4/debug/libksdk_platform.a(fsl_mcg_hal.o)
                0x1ffff004                g_fastInternalRefClkFreq
 .data.g_slowInternalRefClkFreq
                0x1ffff008        0x4 C:/Freescale/KSDK_1.3.0/lib/ksdk_platform_lib/kds/KL26Z4/debug/libksdk_platform.a(fsl_mcg_hal.o)
                0x1ffff008                g_slowInternalRefClkFreq
 .data.impure_data
                0x1ffff00c       0x60 c:/freescale/kds_3.0.0/toolchain/bin/../lib/gcc/arm-none-eabi/4.8.4/../../../../arm-none-eabi/lib/armv6-m\libg_s.a(lib_a-impure.o)
 .data._impure_ptr
                0x1ffff06c        0x4 c:/freescale/kds_3.0.0/toolchain/bin/../lib/gcc/arm-none-eabi/4.8.4/../../../../arm-none-eabi/lib/armv6-m\libg_s.a(lib_a-impure.o)
                0x1ffff06c                _impure_ptr
 *(.jcr*)
 .jcr           0x1ffff070        0x0 c:/freescale/kds_3.0.0/toolchain/bin/../lib/gcc/arm-none-eabi/4.8.4/armv6-m/crtbegin.o
 .jcr           0x1ffff070        0x4 c:/freescale/kds_3.0.0/toolchain/bin/../lib/gcc/arm-none-eabi/4.8.4/armv6-m/crtend.o
                0x1ffff074                . = ALIGN (0x4)
                0x1ffff074                __data_end__ = .
                0x00006208                __DATA_END = (__DATA_ROM + (__data_end__ - __data_start__))

.igot.plt       0x1ffff074        0x0 load address 0x00006208
 .igot.plt      0x00000000        0x0 c:/freescale/kds_3.0.0/toolchain/bin/../lib/gcc/arm-none-eabi/4.8.4/armv6-m/crtbegin.o

.bss            0x1ffff074       0x68 load address 0x00006208
                0x1ffff074                . = ALIGN (0x4)
                0x1ffff074                __START_BSS = .
                0x1ffff074                __bss_start__ = .
 *(.bss)
 .bss           0x1ffff074       0x1c c:/freescale/kds_3.0.0/toolchain/bin/../lib/gcc/arm-none-eabi/4.8.4/armv6-m/crtbegin.o
 *(.bss*)
 .bss.s_debugConsole
                0x1ffff090       0x10 ./Utilities/fsl_debug_console.o
 .bss.g_xtal0ClkFreq
                0x1ffff0a0        0x4 C:/Freescale/KSDK_1.3.0/lib/ksdk_platform_lib/kds/KL26Z4/debug/libksdk_platform.a(fsl_mcg_hal.o)
                0x1ffff0a0                g_xtal0ClkFreq
 .bss.g_xtalRtcClkFreq
                0x1ffff0a4        0x4 C:/Freescale/KSDK_1.3.0/lib/ksdk_platform_lib/kds/KL26Z4/debug/libksdk_platform.a(fsl_mcg_hal.o)
                0x1ffff0a4                g_xtalRtcClkFreq
 .bss.__malloc_sbrk_start
                0x1ffff0a8        0x4 c:/freescale/kds_3.0.0/toolchain/bin/../lib/gcc/arm-none-eabi/4.8.4/../../../../arm-none-eabi/lib/armv6-m\libg_s.a(lib_a-nano-mallocr.o)
                0x1ffff0a8                __malloc_sbrk_start
 .bss.__malloc_free_list
                0x1ffff0ac        0x4 c:/freescale/kds_3.0.0/toolchain/bin/../lib/gcc/arm-none-eabi/4.8.4/../../../../arm-none-eabi/lib/armv6-m\libg_s.a(lib_a-nano-mallocr.o)
                0x1ffff0ac                __malloc_free_list
 .bss.heap_end.4246
                0x1ffff0b0        0x4 c:/freescale/kds_3.0.0/toolchain/bin/../lib/gcc/arm-none-eabi/4.8.4/../../../../arm-none-eabi/lib/armv6-m\libnosys.a(sbrk.o)
 *(COMMON)
 COMMON         0x1ffff0b4       0x24 ./Sources/main3.o
                0x1ffff0b4                wr_ptr
                0x1ffff0b8                rd_ptr
                0x1ffff0bc                buffer
                0x1ffff0d0                c
                0x1ffff0d4                tick_count
 COMMON         0x1ffff0d8        0x4 c:/freescale/kds_3.0.0/toolchain/bin/../lib/gcc/arm-none-eabi/4.8.4/../../../../arm-none-eabi/lib/armv6-m\libg_s.a(lib_a-reent.o)
                0x1ffff0d8                errno
                0x1ffff0dc                . = ALIGN (0x4)
                0x1ffff0dc                __bss_end__ = .
                0x1ffff0dc                __END_BSS = .

.heap           0x1ffff0dc      0x404 load address 0x00006270
                0x1ffff0e0                . = ALIGN (0x8)
 *fill*         0x1ffff0dc        0x4 
                0x1ffff0e0                __end__ = .
                0x1ffff0e0                PROVIDE (end, .)
                0x1ffff0e0                __HeapBase = .
                0x1ffff4e0                . = (. + HEAP_SIZE)
 *fill*         0x1ffff0e0      0x400 
                0x1ffff4e0                __HeapLimit = .

.stack          0x1ffff4e0      0x400 load address 0x00006674
                0x1ffff4e0                . = ALIGN (0x8)
                0x1ffff8e0                . = (. + STACK_SIZE)
 *fill*         0x1ffff4e0      0x400 
                0x20003000                __StackTop = (ORIGIN (m_data) + 0x4000)
                0x20002c00                __StackLimit = (__StackTop - STACK_SIZE)
                0x20003000                PROVIDE (__stack, __StackTop)

.ARM.attributes
                0x00000000       0x28
 *(.ARM.attributes)
 .ARM.attributes
                0x00000000       0x1e c:/freescale/kds_3.0.0/toolchain/bin/../lib/gcc/arm-none-eabi/4.8.4/armv6-m/crti.o
 .ARM.attributes
                0x0000001e       0x2c c:/freescale/kds_3.0.0/toolchain/bin/../lib/gcc/arm-none-eabi/4.8.4/armv6-m/crtbegin.o
 .ARM.attributes
                0x0000004a       0x1b c:/freescale/kds_3.0.0/toolchain/bin/../lib/gcc/arm-none-eabi/4.8.4/../../../../arm-none-eabi/lib/armv6-m/crt0.o
 .ARM.attributes
                0x00000065       0x32 ./Utilities/fsl_debug_console.o
 .ARM.attributes
                0x00000097       0x32 ./Utilities/print_scan.o
 .ARM.attributes
                0x000000c9       0x32 ./Sources/main3.o
 .ARM.attributes
                0x000000fb       0x32 ./Project_Settings/Startup_Code/startup.o
 .ARM.attributes
                0x0000012d       0x1b ./Project_Settings/Startup_Code/startup_MKL26Z4.o
 .ARM.attributes
                0x00000148       0x32 ./Project_Settings/Startup_Code/system_MKL26Z4.o
 .ARM.attributes
                0x0000017a       0x32 ./Board/board.o
 .ARM.attributes
                0x000001ac       0x32 ./Board/hardware_init.o
 .ARM.attributes
                0x000001de       0x32 ./Board/pin_mux.o
 .ARM.attributes
                0x00000210       0x32 C:/Freescale/KSDK_1.3.0/lib/ksdk_platform_lib/kds/KL26Z4/debug/libksdk_platform.a(fsl_uart_hal.o)
 .ARM.attributes
                0x00000242       0x32 C:/Freescale/KSDK_1.3.0/lib/ksdk_platform_lib/kds/KL26Z4/debug/libksdk_platform.a(fsl_lpsci_hal.o)
 .ARM.attributes
                0x00000274       0x32 C:/Freescale/KSDK_1.3.0/lib/ksdk_platform_lib/kds/KL26Z4/debug/libksdk_platform.a(fsl_clock_MKL26Z4.o)
 .ARM.attributes
                0x000002a6       0x32 C:/Freescale/KSDK_1.3.0/lib/ksdk_platform_lib/kds/KL26Z4/debug/libksdk_platform.a(fsl_clock_manager.o)
 .ARM.attributes
                0x000002d8       0x32 C:/Freescale/KSDK_1.3.0/lib/ksdk_platform_lib/kds/KL26Z4/debug/libksdk_platform.a(fsl_clock_manager_common.o)
 .ARM.attributes
                0x0000030a       0x32 C:/Freescale/KSDK_1.3.0/lib/ksdk_platform_lib/kds/KL26Z4/debug/libksdk_platform.a(fsl_sim_hal_MKL26Z4.o)
 .ARM.attributes
                0x0000033c       0x32 C:/Freescale/KSDK_1.3.0/lib/ksdk_platform_lib/kds/KL26Z4/debug/libksdk_platform.a(fsl_osc_hal.o)
 .ARM.attributes
                0x0000036e       0x32 C:/Freescale/KSDK_1.3.0/lib/ksdk_platform_lib/kds/KL26Z4/debug/libksdk_platform.a(fsl_mcg_hal.o)
 .ARM.attributes
                0x000003a0       0x32 C:/Freescale/KSDK_1.3.0/lib/ksdk_platform_lib/kds/KL26Z4/debug/libksdk_platform.a(fsl_mcg_hal_modes.o)
 .ARM.attributes
                0x000003d2       0x1e c:/freescale/kds_3.0.0/toolchain/bin/../lib/gcc/arm-none-eabi/4.8.4/armv6-m\libgcc.a(_udivsi3.o)
 .ARM.attributes
                0x000003f0       0x1e c:/freescale/kds_3.0.0/toolchain/bin/../lib/gcc/arm-none-eabi/4.8.4/armv6-m\libgcc.a(_divsi3.o)
 .ARM.attributes
                0x0000040e       0x1e c:/freescale/kds_3.0.0/toolchain/bin/../lib/gcc/arm-none-eabi/4.8.4/armv6-m\libgcc.a(_dvmd_tls.o)
 .ARM.attributes
                0x0000042c       0x2c c:/freescale/kds_3.0.0/toolchain/bin/../lib/gcc/arm-none-eabi/4.8.4/armv6-m\libgcc.a(_fixunssfsi.o)
 .ARM.attributes
                0x00000458       0x2c c:/freescale/kds_3.0.0/toolchain/bin/../lib/gcc/arm-none-eabi/4.8.4/armv6-m\libgcc.a(mulsf3.o)
 .ARM.attributes
                0x00000484       0x2c c:/freescale/kds_3.0.0/toolchain/bin/../lib/gcc/arm-none-eabi/4.8.4/armv6-m\libgcc.a(subsf3.o)
 .ARM.attributes
                0x000004b0       0x2c c:/freescale/kds_3.0.0/toolchain/bin/../lib/gcc/arm-none-eabi/4.8.4/armv6-m\libgcc.a(fixsfsi.o)
 .ARM.attributes
                0x000004dc       0x1e c:/freescale/kds_3.0.0/toolchain/bin/../lib/gcc/arm-none-eabi/4.8.4/armv6-m\libgcc.a(_arm_cmpsf2.o)
 .ARM.attributes
                0x000004fa       0x1e c:/freescale/kds_3.0.0/toolchain/bin/../lib/gcc/arm-none-eabi/4.8.4/armv6-m\libgcc.a(_clzsi2.o)
 .ARM.attributes
                0x00000518       0x2c c:/freescale/kds_3.0.0/toolchain/bin/../lib/gcc/arm-none-eabi/4.8.4/armv6-m\libgcc.a(eqsf2.o)
 .ARM.attributes
                0x00000544       0x2c c:/freescale/kds_3.0.0/toolchain/bin/../lib/gcc/arm-none-eabi/4.8.4/armv6-m\libgcc.a(gesf2.o)
 .ARM.attributes
                0x00000570       0x2c c:/freescale/kds_3.0.0/toolchain/bin/../lib/gcc/arm-none-eabi/4.8.4/armv6-m\libgcc.a(lesf2.o)
 .ARM.attributes
                0x0000059c       0x2c c:/freescale/kds_3.0.0/toolchain/bin/../lib/gcc/arm-none-eabi/4.8.4/../../../../arm-none-eabi/lib/armv6-m\libg_s.a(lib_a-assert.o)
 .ARM.attributes
                0x000005c8       0x2c c:/freescale/kds_3.0.0/toolchain/bin/../lib/gcc/arm-none-eabi/4.8.4/../../../../arm-none-eabi/lib/armv6-m\libg_s.a(lib_a-exit.o)
 .ARM.attributes
                0x000005f4       0x2c c:/freescale/kds_3.0.0/toolchain/bin/../lib/gcc/arm-none-eabi/4.8.4/../../../../arm-none-eabi/lib/armv6-m\libg_s.a(lib_a-fprintf.o)
 .ARM.attributes
                0x00000620       0x2c c:/freescale/kds_3.0.0/toolchain/bin/../lib/gcc/arm-none-eabi/4.8.4/../../../../arm-none-eabi/lib/armv6-m\libg_s.a(lib_a-impure.o)
 .ARM.attributes
                0x0000064c       0x2c c:/freescale/kds_3.0.0/toolchain/bin/../lib/gcc/arm-none-eabi/4.8.4/../../../../arm-none-eabi/lib/armv6-m\libg_s.a(lib_a-init.o)
 .ARM.attributes
                0x00000678       0x2c c:/freescale/kds_3.0.0/toolchain/bin/../lib/gcc/arm-none-eabi/4.8.4/../../../../arm-none-eabi/lib/armv6-m\libg_s.a(lib_a-memcpy-stub.o)
 .ARM.attributes
                0x000006a4       0x2c c:/freescale/kds_3.0.0/toolchain/bin/../lib/gcc/arm-none-eabi/4.8.4/../../../../arm-none-eabi/lib/armv6-m\libg_s.a(lib_a-memset.o)
 .ARM.attributes
                0x000006d0       0x2c c:/freescale/kds_3.0.0/toolchain/bin/../lib/gcc/arm-none-eabi/4.8.4/../../../../arm-none-eabi/lib/armv6-m\libg_s.a(lib_a-nano-freer.o)
 .ARM.attributes
                0x000006fc       0x2c c:/freescale/kds_3.0.0/toolchain/bin/../lib/gcc/arm-none-eabi/4.8.4/../../../../arm-none-eabi/lib/armv6-m\libg_s.a(lib_a-nano-mallocr.o)
 .ARM.attributes
                0x00000728       0x2c c:/freescale/kds_3.0.0/toolchain/bin/../lib/gcc/arm-none-eabi/4.8.4/../../../../arm-none-eabi/lib/armv6-m\libg_s.a(lib_a-puts.o)
 .ARM.attributes
                0x00000754       0x2c c:/freescale/kds_3.0.0/toolchain/bin/../lib/gcc/arm-none-eabi/4.8.4/../../../../arm-none-eabi/lib/armv6-m\libg_s.a(lib_a-sbrkr.o)
 .ARM.attributes
                0x00000780       0x2c c:/freescale/kds_3.0.0/toolchain/bin/../lib/gcc/arm-none-eabi/4.8.4/../../../../arm-none-eabi/lib/armv6-m\libg_s.a(lib_a-strcat.o)
 .ARM.attributes
                0x000007ac       0x2c c:/freescale/kds_3.0.0/toolchain/bin/../lib/gcc/arm-none-eabi/4.8.4/../../../../arm-none-eabi/lib/armv6-m\libg_s.a(lib_a-strchr.o)
 .ARM.attributes
                0x000007d8       0x1c c:/freescale/kds_3.0.0/toolchain/bin/../lib/gcc/arm-none-eabi/4.8.4/../../../../arm-none-eabi/lib/armv6-m\libg_s.a(lib_a-strcmp.o)
 .ARM.attributes
                0x000007f4       0x2c c:/freescale/kds_3.0.0/toolchain/bin/../lib/gcc/arm-none-eabi/4.8.4/../../../../arm-none-eabi/lib/armv6-m\libg_s.a(lib_a-strlen.o)
 .ARM.attributes
                0x00000820       0x2c c:/freescale/kds_3.0.0/toolchain/bin/../lib/gcc/arm-none-eabi/4.8.4/../../../../arm-none-eabi/lib/armv6-m\libg_s.a(lib_a-strstr.o)
 .ARM.attributes
                0x0000084c       0x2c c:/freescale/kds_3.0.0/toolchain/bin/../lib/gcc/arm-none-eabi/4.8.4/../../../../arm-none-eabi/lib/armv6-m\libg_s.a(lib_a-vfprintf.o)
 .ARM.attributes
                0x00000878       0x2c c:/freescale/kds_3.0.0/toolchain/bin/../lib/gcc/arm-none-eabi/4.8.4/../../../../arm-none-eabi/lib/armv6-m\libg_s.a(lib_a-vfprintf_i.o)
 .ARM.attributes
                0x000008a4       0x2c c:/freescale/kds_3.0.0/toolchain/bin/../lib/gcc/arm-none-eabi/4.8.4/../../../../arm-none-eabi/lib/armv6-m\libg_s.a(lib_a-wbuf.o)
 .ARM.attributes
                0x000008d0       0x2c c:/freescale/kds_3.0.0/toolchain/bin/../lib/gcc/arm-none-eabi/4.8.4/../../../../arm-none-eabi/lib/armv6-m\libg_s.a(lib_a-wsetup.o)
 .ARM.attributes
                0x000008fc       0x2c c:/freescale/kds_3.0.0/toolchain/bin/../lib/gcc/arm-none-eabi/4.8.4/../../../../arm-none-eabi/lib/armv6-m\libg_s.a(lib_a-abort.o)
 .ARM.attributes
                0x00000928       0x2c c:/freescale/kds_3.0.0/toolchain/bin/../lib/gcc/arm-none-eabi/4.8.4/../../../../arm-none-eabi/lib/armv6-m\libg_s.a(lib_a-fflush.o)
 .ARM.attributes
                0x00000954       0x2c c:/freescale/kds_3.0.0/toolchain/bin/../lib/gcc/arm-none-eabi/4.8.4/../../../../arm-none-eabi/lib/armv6-m\libg_s.a(lib_a-findfp.o)
 .ARM.attributes
                0x00000980       0x2c c:/freescale/kds_3.0.0/toolchain/bin/../lib/gcc/arm-none-eabi/4.8.4/../../../../arm-none-eabi/lib/armv6-m\libg_s.a(lib_a-makebuf.o)
 .ARM.attributes
                0x000009ac       0x2c c:/freescale/kds_3.0.0/toolchain/bin/../lib/gcc/arm-none-eabi/4.8.4/../../../../arm-none-eabi/lib/armv6-m\libg_s.a(lib_a-memchr-stub.o)
 .ARM.attributes
                0x000009d8       0x2c c:/freescale/kds_3.0.0/toolchain/bin/../lib/gcc/arm-none-eabi/4.8.4/../../../../arm-none-eabi/lib/armv6-m\libg_s.a(lib_a-reent.o)
 .ARM.attributes
                0x00000a04       0x2c c:/freescale/kds_3.0.0/toolchain/bin/../lib/gcc/arm-none-eabi/4.8.4/../../../../arm-none-eabi/lib/armv6-m\libg_s.a(lib_a-signal.o)
 .ARM.attributes
                0x00000a30       0x2c c:/freescale/kds_3.0.0/toolchain/bin/../lib/gcc/arm-none-eabi/4.8.4/../../../../arm-none-eabi/lib/armv6-m\libg_s.a(lib_a-signalr.o)
 .ARM.attributes
                0x00000a5c       0x2c c:/freescale/kds_3.0.0/toolchain/bin/../lib/gcc/arm-none-eabi/4.8.4/../../../../arm-none-eabi/lib/armv6-m\libg_s.a(lib_a-stdio.o)
 .ARM.attributes
                0x00000a88       0x2c c:/freescale/kds_3.0.0/toolchain/bin/../lib/gcc/arm-none-eabi/4.8.4/../../../../arm-none-eabi/lib/armv6-m\libg_s.a(lib_a-writer.o)
 .ARM.attributes
                0x00000ab4       0x2c c:/freescale/kds_3.0.0/toolchain/bin/../lib/gcc/arm-none-eabi/4.8.4/../../../../arm-none-eabi/lib/armv6-m\libg_s.a(lib_a-closer.o)
 .ARM.attributes
                0x00000ae0       0x2c c:/freescale/kds_3.0.0/toolchain/bin/../lib/gcc/arm-none-eabi/4.8.4/../../../../arm-none-eabi/lib/armv6-m\libg_s.a(lib_a-fstatr.o)
 .ARM.attributes
                0x00000b0c       0x2c c:/freescale/kds_3.0.0/toolchain/bin/../lib/gcc/arm-none-eabi/4.8.4/../../../../arm-none-eabi/lib/armv6-m\libg_s.a(lib_a-isattyr.o)
 .ARM.attributes
                0x00000b38       0x2c c:/freescale/kds_3.0.0/toolchain/bin/../lib/gcc/arm-none-eabi/4.8.4/../../../../arm-none-eabi/lib/armv6-m\libg_s.a(lib_a-lseekr.o)
 .ARM.attributes
                0x00000b64       0x2c c:/freescale/kds_3.0.0/toolchain/bin/../lib/gcc/arm-none-eabi/4.8.4/../../../../arm-none-eabi/lib/armv6-m\libg_s.a(lib_a-readr.o)
 .ARM.attributes
                0x00000b90       0x2c c:/freescale/kds_3.0.0/toolchain/bin/../lib/gcc/arm-none-eabi/4.8.4/../../../../arm-none-eabi/lib/armv6-m\libnosys.a(close.o)
 .ARM.attributes
                0x00000bbc       0x2c c:/freescale/kds_3.0.0/toolchain/bin/../lib/gcc/arm-none-eabi/4.8.4/../../../../arm-none-eabi/lib/armv6-m\libnosys.a(fstat.o)
 .ARM.attributes
                0x00000be8       0x2c c:/freescale/kds_3.0.0/toolchain/bin/../lib/gcc/arm-none-eabi/4.8.4/../../../../arm-none-eabi/lib/armv6-m\libnosys.a(getpid.o)
 .ARM.attributes
                0x00000c14       0x2c c:/freescale/kds_3.0.0/toolchain/bin/../lib/gcc/arm-none-eabi/4.8.4/../../../../arm-none-eabi/lib/armv6-m\libnosys.a(isatty.o)
 .ARM.attributes
                0x00000c40       0x2c c:/freescale/kds_3.0.0/toolchain/bin/../lib/gcc/arm-none-eabi/4.8.4/../../../../arm-none-eabi/lib/armv6-m\libnosys.a(kill.o)
 .ARM.attributes
                0x00000c6c       0x2c c:/freescale/kds_3.0.0/toolchain/bin/../lib/gcc/arm-none-eabi/4.8.4/../../../../arm-none-eabi/lib/armv6-m\libnosys.a(lseek.o)
 .ARM.attributes
                0x00000c98       0x2c c:/freescale/kds_3.0.0/toolchain/bin/../lib/gcc/arm-none-eabi/4.8.4/../../../../arm-none-eabi/lib/armv6-m\libnosys.a(sbrk.o)
 .ARM.attributes
                0x00000cc4       0x2c c:/freescale/kds_3.0.0/toolchain/bin/../lib/gcc/arm-none-eabi/4.8.4/../../../../arm-none-eabi/lib/armv6-m\libnosys.a(_exit.o)
 .ARM.attributes
                0x00000cf0       0x2c c:/freescale/kds_3.0.0/toolchain/bin/../lib/gcc/arm-none-eabi/4.8.4/armv6-m/crtend.o
 .ARM.attributes
                0x00000d1c       0x1e c:/freescale/kds_3.0.0/toolchain/bin/../lib/gcc/arm-none-eabi/4.8.4/armv6-m/crtn.o
                0x00000001                ASSERT ((__StackLimit >= __HeapLimit), region m_data overflowed with stack and heap)
OUTPUT(Lab_template.elf elf32-littlearm)

.debug_info     0x00000000     0x9642
 .debug_info    0x00000000      0xa71 ./Utilities/fsl_debug_console.o
 .debug_info    0x00000a71      0x5eb ./Utilities/print_scan.o
 .debug_info    0x0000105c      0xbb2 ./Sources/main3.o
 .debug_info    0x00001c0e      0x296 ./Project_Settings/Startup_Code/startup.o
 .debug_info    0x00001ea4       0x97 ./Project_Settings/Startup_Code/startup_MKL26Z4.o
 .debug_info    0x00001f3b      0x432 ./Project_Settings/Startup_Code/system_MKL26Z4.o
 .debug_info    0x0000236d      0xa36 ./Board/board.o
 .debug_info    0x00002da3       0xe2 ./Board/hardware_init.o
 .debug_info    0x00002e85      0x4e6 ./Board/pin_mux.o
 .debug_info    0x0000336b      0x80e C:/Freescale/KSDK_1.3.0/lib/ksdk_platform_lib/kds/KL26Z4/debug/libksdk_platform.a(fsl_uart_hal.o)
 .debug_info    0x00003b79      0x917 C:/Freescale/KSDK_1.3.0/lib/ksdk_platform_lib/kds/KL26Z4/debug/libksdk_platform.a(fsl_lpsci_hal.o)
 .debug_info    0x00004490     0x1822 C:/Freescale/KSDK_1.3.0/lib/ksdk_platform_lib/kds/KL26Z4/debug/libksdk_platform.a(fsl_clock_MKL26Z4.o)
 .debug_info    0x00005cb2     0x168c C:/Freescale/KSDK_1.3.0/lib/ksdk_platform_lib/kds/KL26Z4/debug/libksdk_platform.a(fsl_clock_manager.o)
 .debug_info    0x0000733e      0x449 C:/Freescale/KSDK_1.3.0/lib/ksdk_platform_lib/kds/KL26Z4/debug/libksdk_platform.a(fsl_clock_manager_common.o)
 .debug_info    0x00007787      0x957 C:/Freescale/KSDK_1.3.0/lib/ksdk_platform_lib/kds/KL26Z4/debug/libksdk_platform.a(fsl_sim_hal_MKL26Z4.o)
 .debug_info    0x000080de       0xef C:/Freescale/KSDK_1.3.0/lib/ksdk_platform_lib/kds/KL26Z4/debug/libksdk_platform.a(fsl_osc_hal.o)
 .debug_info    0x000081cd      0xc24 C:/Freescale/KSDK_1.3.0/lib/ksdk_platform_lib/kds/KL26Z4/debug/libksdk_platform.a(fsl_mcg_hal.o)
 .debug_info    0x00008df1      0x851 C:/Freescale/KSDK_1.3.0/lib/ksdk_platform_lib/kds/KL26Z4/debug/libksdk_platform.a(fsl_mcg_hal_modes.o)

.debug_abbrev   0x00000000     0x1d29
 .debug_abbrev  0x00000000      0x23a ./Utilities/fsl_debug_console.o
 .debug_abbrev  0x0000023a      0x1b6 ./Utilities/print_scan.o
 .debug_abbrev  0x000003f0      0x311 ./Sources/main3.o
 .debug_abbrev  0x00000701       0xe9 ./Project_Settings/Startup_Code/startup.o
 .debug_abbrev  0x000007ea       0x14 ./Project_Settings/Startup_Code/startup_MKL26Z4.o
 .debug_abbrev  0x000007fe      0x109 ./Project_Settings/Startup_Code/system_MKL26Z4.o
 .debug_abbrev  0x00000907      0x202 ./Board/board.o
 .debug_abbrev  0x00000b09       0x75 ./Board/hardware_init.o
 .debug_abbrev  0x00000b7e      0x128 ./Board/pin_mux.o
 .debug_abbrev  0x00000ca6      0x1eb C:/Freescale/KSDK_1.3.0/lib/ksdk_platform_lib/kds/KL26Z4/debug/libksdk_platform.a(fsl_uart_hal.o)
 .debug_abbrev  0x00000e91      0x20e C:/Freescale/KSDK_1.3.0/lib/ksdk_platform_lib/kds/KL26Z4/debug/libksdk_platform.a(fsl_lpsci_hal.o)
 .debug_abbrev  0x0000109f      0x2fe C:/Freescale/KSDK_1.3.0/lib/ksdk_platform_lib/kds/KL26Z4/debug/libksdk_platform.a(fsl_clock_MKL26Z4.o)
 .debug_abbrev  0x0000139d      0x2a9 C:/Freescale/KSDK_1.3.0/lib/ksdk_platform_lib/kds/KL26Z4/debug/libksdk_platform.a(fsl_clock_manager.o)
 .debug_abbrev  0x00001646       0xdb C:/Freescale/KSDK_1.3.0/lib/ksdk_platform_lib/kds/KL26Z4/debug/libksdk_platform.a(fsl_clock_manager_common.o)
 .debug_abbrev  0x00001721      0x197 C:/Freescale/KSDK_1.3.0/lib/ksdk_platform_lib/kds/KL26Z4/debug/libksdk_platform.a(fsl_sim_hal_MKL26Z4.o)
 .debug_abbrev  0x000018b8       0x99 C:/Freescale/KSDK_1.3.0/lib/ksdk_platform_lib/kds/KL26Z4/debug/libksdk_platform.a(fsl_osc_hal.o)
 .debug_abbrev  0x00001951      0x234 C:/Freescale/KSDK_1.3.0/lib/ksdk_platform_lib/kds/KL26Z4/debug/libksdk_platform.a(fsl_mcg_hal.o)
 .debug_abbrev  0x00001b85      0x1a4 C:/Freescale/KSDK_1.3.0/lib/ksdk_platform_lib/kds/KL26Z4/debug/libksdk_platform.a(fsl_mcg_hal_modes.o)

.debug_aranges  0x00000000      0xa18
 .debug_aranges
                0x00000000       0xa0 ./Utilities/fsl_debug_console.o
 .debug_aranges
                0x000000a0       0x48 ./Utilities/print_scan.o
 .debug_aranges
                0x000000e8       0x88 ./Sources/main3.o
 .debug_aranges
                0x00000170       0x20 ./Project_Settings/Startup_Code/startup.o
 .debug_aranges
                0x00000190       0x20 ./Project_Settings/Startup_Code/startup_MKL26Z4.o
 .debug_aranges
                0x000001b0       0x28 ./Project_Settings/Startup_Code/system_MKL26Z4.o
 .debug_aranges
                0x000001d8       0x58 ./Board/board.o
 .debug_aranges
                0x00000230       0x20 ./Board/hardware_init.o
 .debug_aranges
                0x00000250       0x98 ./Board/pin_mux.o
 .debug_aranges
                0x000002e8       0xb0 C:/Freescale/KSDK_1.3.0/lib/ksdk_platform_lib/kds/KL26Z4/debug/libksdk_platform.a(fsl_uart_hal.o)
 .debug_aranges
                0x00000398       0xc8 C:/Freescale/KSDK_1.3.0/lib/ksdk_platform_lib/kds/KL26Z4/debug/libksdk_platform.a(fsl_lpsci_hal.o)
 .debug_aranges
                0x00000460      0x218 C:/Freescale/KSDK_1.3.0/lib/ksdk_platform_lib/kds/KL26Z4/debug/libksdk_platform.a(fsl_clock_MKL26Z4.o)
 .debug_aranges
                0x00000678      0x150 C:/Freescale/KSDK_1.3.0/lib/ksdk_platform_lib/kds/KL26Z4/debug/libksdk_platform.a(fsl_clock_manager.o)
 .debug_aranges
                0x000007c8       0x18 C:/Freescale/KSDK_1.3.0/lib/ksdk_platform_lib/kds/KL26Z4/debug/libksdk_platform.a(fsl_clock_manager_common.o)
 .debug_aranges
                0x000007e0       0x90 C:/Freescale/KSDK_1.3.0/lib/ksdk_platform_lib/kds/KL26Z4/debug/libksdk_platform.a(fsl_sim_hal_MKL26Z4.o)
 .debug_aranges
                0x00000870       0x20 C:/Freescale/KSDK_1.3.0/lib/ksdk_platform_lib/kds/KL26Z4/debug/libksdk_platform.a(fsl_osc_hal.o)
 .debug_aranges
                0x00000890       0xf0 C:/Freescale/KSDK_1.3.0/lib/ksdk_platform_lib/kds/KL26Z4/debug/libksdk_platform.a(fsl_mcg_hal.o)
 .debug_aranges
                0x00000980       0x98 C:/Freescale/KSDK_1.3.0/lib/ksdk_platform_lib/kds/KL26Z4/debug/libksdk_platform.a(fsl_mcg_hal_modes.o)

.debug_ranges   0x00000000      0x8e0
 .debug_ranges  0x00000000       0x90 ./Utilities/fsl_debug_console.o
 .debug_ranges  0x00000090       0x38 ./Utilities/print_scan.o
 .debug_ranges  0x000000c8       0x78 ./Sources/main3.o
 .debug_ranges  0x00000140       0x10 ./Project_Settings/Startup_Code/startup.o
 .debug_ranges  0x00000150       0x18 ./Project_Settings/Startup_Code/system_MKL26Z4.o
 .debug_ranges  0x00000168       0x48 ./Board/board.o
 .debug_ranges  0x000001b0       0x10 ./Board/hardware_init.o
 .debug_ranges  0x000001c0       0x88 ./Board/pin_mux.o
 .debug_ranges  0x00000248       0xa0 C:/Freescale/KSDK_1.3.0/lib/ksdk_platform_lib/kds/KL26Z4/debug/libksdk_platform.a(fsl_uart_hal.o)
 .debug_ranges  0x000002e8       0xb8 C:/Freescale/KSDK_1.3.0/lib/ksdk_platform_lib/kds/KL26Z4/debug/libksdk_platform.a(fsl_lpsci_hal.o)
 .debug_ranges  0x000003a0      0x208 C:/Freescale/KSDK_1.3.0/lib/ksdk_platform_lib/kds/KL26Z4/debug/libksdk_platform.a(fsl_clock_MKL26Z4.o)
 .debug_ranges  0x000005a8      0x140 C:/Freescale/KSDK_1.3.0/lib/ksdk_platform_lib/kds/KL26Z4/debug/libksdk_platform.a(fsl_clock_manager.o)
 .debug_ranges  0x000006e8       0x80 C:/Freescale/KSDK_1.3.0/lib/ksdk_platform_lib/kds/KL26Z4/debug/libksdk_platform.a(fsl_sim_hal_MKL26Z4.o)
 .debug_ranges  0x00000768       0x10 C:/Freescale/KSDK_1.3.0/lib/ksdk_platform_lib/kds/KL26Z4/debug/libksdk_platform.a(fsl_osc_hal.o)
 .debug_ranges  0x00000778       0xe0 C:/Freescale/KSDK_1.3.0/lib/ksdk_platform_lib/kds/KL26Z4/debug/libksdk_platform.a(fsl_mcg_hal.o)
 .debug_ranges  0x00000858       0x88 C:/Freescale/KSDK_1.3.0/lib/ksdk_platform_lib/kds/KL26Z4/debug/libksdk_platform.a(fsl_mcg_hal_modes.o)

.debug_macro    0x00000000    0x1543d
 .debug_macro   0x00000000      0x2c7 ./Utilities/fsl_debug_console.o
 .debug_macro   0x000002c7      0x808 ./Utilities/fsl_debug_console.o
 .debug_macro   0x00000acf       0x58 ./Utilities/fsl_debug_console.o
 .debug_macro   0x00000b27       0x58 ./Utilities/fsl_debug_console.o
 .debug_macro   0x00000b7f       0x16 ./Utilities/fsl_debug_console.o
 .debug_macro   0x00000b95       0x35 ./Utilities/fsl_debug_console.o
 .debug_macro   0x00000bca       0xa3 ./Utilities/fsl_debug_console.o
 .debug_macro   0x00000c6d       0x16 ./Utilities/fsl_debug_console.o
 .debug_macro   0x00000c83       0x97 ./Utilities/fsl_debug_console.o
 .debug_macro   0x00000d1a       0xef ./Utilities/fsl_debug_console.o
 .debug_macro   0x00000e09       0x4a ./Utilities/fsl_debug_console.o
 .debug_macro   0x00000e53       0x52 ./Utilities/fsl_debug_console.o
 .debug_macro   0x00000ea5       0x16 ./Utilities/fsl_debug_console.o
 .debug_macro   0x00000ebb       0x43 ./Utilities/fsl_debug_console.o
 .debug_macro   0x00000efe      0x180 ./Utilities/fsl_debug_console.o
 .debug_macro   0x0000107e       0x10 ./Utilities/fsl_debug_console.o
 .debug_macro   0x0000108e       0x22 ./Utilities/fsl_debug_console.o
 .debug_macro   0x000010b0       0xbd ./Utilities/fsl_debug_console.o
 .debug_macro   0x0000116d       0x16 ./Utilities/fsl_debug_console.o
 .debug_macro   0x00001183      0x14a ./Utilities/fsl_debug_console.o
 .debug_macro   0x000012cd       0x16 ./Utilities/fsl_debug_console.o
 .debug_macro   0x000012e3       0x35 ./Utilities/fsl_debug_console.o
 .debug_macro   0x00001318       0x22 ./Utilities/fsl_debug_console.o
 .debug_macro   0x0000133a       0x11 ./Utilities/fsl_debug_console.o
 .debug_macro   0x0000134b       0x16 ./Utilities/fsl_debug_console.o
 .debug_macro   0x00001361      0x20f ./Utilities/fsl_debug_console.o
 .debug_macro   0x00001570       0x3a ./Utilities/fsl_debug_console.o
 .debug_macro   0x000015aa       0x3a ./Utilities/fsl_debug_console.o
 .debug_macro   0x000015e4       0x1f ./Utilities/fsl_debug_console.o
 .debug_macro   0x00001603      0x250 ./Utilities/fsl_debug_console.o
 .debug_macro   0x00001853       0x77 ./Utilities/fsl_debug_console.o
 .debug_macro   0x000018ca     0x8bcc ./Utilities/fsl_debug_console.o
 .debug_macro   0x0000a496       0x82 ./Utilities/fsl_debug_console.o
 .debug_macro   0x0000a518     0x84a8 ./Utilities/fsl_debug_console.o
 .debug_macro   0x000129c0     0x10f4 ./Utilities/fsl_debug_console.o
 .debug_macro   0x00013ab4       0x22 ./Utilities/fsl_debug_console.o
 .debug_macro   0x00013ad6       0x44 ./Utilities/fsl_debug_console.o
 .debug_macro   0x00013b1a       0x22 ./Utilities/fsl_debug_console.o
 .debug_macro   0x00013b3c       0x16 ./Utilities/fsl_debug_console.o
 .debug_macro   0x00013b52       0x10 ./Utilities/fsl_debug_console.o
 .debug_macro   0x00013b62       0x11 ./Utilities/fsl_debug_console.o
 .debug_macro   0x00013b73       0x10 ./Utilities/fsl_debug_console.o
 .debug_macro   0x00013b83      0x2a6 ./Utilities/fsl_debug_console.o
 .debug_macro   0x00013e29       0x10 ./Utilities/fsl_debug_console.o
 .debug_macro   0x00013e39      0x257 ./Utilities/print_scan.o
 .debug_macro   0x00014090       0x10 ./Utilities/print_scan.o
 .debug_macro   0x000140a0       0x52 ./Utilities/print_scan.o
 .debug_macro   0x000140f2       0x94 ./Utilities/print_scan.o
 .debug_macro   0x00014186      0x287 ./Sources/main3.o
 .debug_macro   0x0001440d       0x44 ./Sources/main3.o
 .debug_macro   0x00014451      0x209 ./Sources/main3.o
 .debug_macro   0x0001465a      0x10e ./Sources/main3.o
 .debug_macro   0x00014768       0x7f ./Sources/main3.o
 .debug_macro   0x000147e7       0x4c ./Sources/main3.o
 .debug_macro   0x00014833       0x22 ./Sources/main3.o
 .debug_macro   0x00014855      0x22b ./Sources/main3.o
 .debug_macro   0x00014a80       0x10 ./Sources/main3.o
 .debug_macro   0x00014a90       0x22 ./Sources/main3.o
 .debug_macro   0x00014ab2      0x167 ./Project_Settings/Startup_Code/startup.o
 .debug_macro   0x00014c19       0x7c ./Project_Settings/Startup_Code/startup.o
 .debug_macro   0x00014c95      0x158 ./Project_Settings/Startup_Code/system_MKL26Z4.o
 .debug_macro   0x00014ded      0x270 ./Board/board.o
 .debug_macro   0x0001505d      0x25d ./Board/hardware_init.o
 .debug_macro   0x000152ba      0x183 ./Board/pin_mux.o

.debug_line     0x00000000     0x5416
 .debug_line    0x00000000      0x7aa ./Utilities/fsl_debug_console.o
 .debug_line    0x000007aa      0x64a ./Utilities/print_scan.o
 .debug_line    0x00000df4      0x848 ./Sources/main3.o
 .debug_line    0x0000163c      0x357 ./Project_Settings/Startup_Code/startup.o
 .debug_line    0x00001993       0x6c ./Project_Settings/Startup_Code/startup_MKL26Z4.o
 .debug_line    0x000019ff      0x37a ./Project_Settings/Startup_Code/system_MKL26Z4.o
 .debug_line    0x00001d79      0x675 ./Board/board.o
 .debug_line    0x000023ee      0x5c9 ./Board/hardware_init.o
 .debug_line    0x000029b7      0x522 ./Board/pin_mux.o
 .debug_line    0x00002ed9      0x389 C:/Freescale/KSDK_1.3.0/lib/ksdk_platform_lib/kds/KL26Z4/debug/libksdk_platform.a(fsl_uart_hal.o)
 .debug_line    0x00003262      0x3d3 C:/Freescale/KSDK_1.3.0/lib/ksdk_platform_lib/kds/KL26Z4/debug/libksdk_platform.a(fsl_lpsci_hal.o)
 .debug_line    0x00003635      0x8b5 C:/Freescale/KSDK_1.3.0/lib/ksdk_platform_lib/kds/KL26Z4/debug/libksdk_platform.a(fsl_clock_MKL26Z4.o)
 .debug_line    0x00003eea      0x770 C:/Freescale/KSDK_1.3.0/lib/ksdk_platform_lib/kds/KL26Z4/debug/libksdk_platform.a(fsl_clock_manager.o)
 .debug_line    0x0000465a      0x14e C:/Freescale/KSDK_1.3.0/lib/ksdk_platform_lib/kds/KL26Z4/debug/libksdk_platform.a(fsl_clock_manager_common.o)
 .debug_line    0x000047a8      0x365 C:/Freescale/KSDK_1.3.0/lib/ksdk_platform_lib/kds/KL26Z4/debug/libksdk_platform.a(fsl_sim_hal_MKL26Z4.o)
 .debug_line    0x00004b0d       0xfe C:/Freescale/KSDK_1.3.0/lib/ksdk_platform_lib/kds/KL26Z4/debug/libksdk_platform.a(fsl_osc_hal.o)
 .debug_line    0x00004c0b      0x458 C:/Freescale/KSDK_1.3.0/lib/ksdk_platform_lib/kds/KL26Z4/debug/libksdk_platform.a(fsl_mcg_hal.o)
 .debug_line    0x00005063      0x3b3 C:/Freescale/KSDK_1.3.0/lib/ksdk_platform_lib/kds/KL26Z4/debug/libksdk_platform.a(fsl_mcg_hal_modes.o)

.debug_str      0x00000000    0xb13a1
 .debug_str     0x00000000    0xabd86 ./Utilities/fsl_debug_console.o
                              0xac320 (size before relaxing)
 .debug_str     0x000abd86      0x8a8 ./Utilities/print_scan.o
                               0x67a7 (size before relaxing)
 .debug_str     0x000ac62e     0x115e ./Sources/main3.o
                              0xab10b (size before relaxing)
 .debug_str     0x000ad78c      0x12f ./Project_Settings/Startup_Code/startup.o
                              0xa9b43 (size before relaxing)
 .debug_str     0x000ad8bb       0xb4 ./Project_Settings/Startup_Code/system_MKL26Z4.o
                              0xa9ba7 (size before relaxing)
 .debug_str     0x000ad96f      0x72c ./Board/board.o
                              0xab3fd (size before relaxing)
 .debug_str     0x000ae09b       0x27 ./Board/hardware_init.o
                              0xaaaf5 (size before relaxing)
 .debug_str     0x000ae0c2      0x1a7 ./Board/pin_mux.o
                              0xa9d87 (size before relaxing)
 .debug_str     0x000ae269      0x605 C:/Freescale/KSDK_1.3.0/lib/ksdk_platform_lib/kds/KL26Z4/debug/libksdk_platform.a(fsl_uart_hal.o)
                                0x90b (size before relaxing)
 .debug_str     0x000ae86e      0x534 C:/Freescale/KSDK_1.3.0/lib/ksdk_platform_lib/kds/KL26Z4/debug/libksdk_platform.a(fsl_lpsci_hal.o)
                                0xa11 (size before relaxing)
 .debug_str     0x000aeda2      0xe3f C:/Freescale/KSDK_1.3.0/lib/ksdk_platform_lib/kds/KL26Z4/debug/libksdk_platform.a(fsl_clock_MKL26Z4.o)
                               0x1591 (size before relaxing)
 .debug_str     0x000afbe1      0xb82 C:/Freescale/KSDK_1.3.0/lib/ksdk_platform_lib/kds/KL26Z4/debug/libksdk_platform.a(fsl_clock_manager.o)
                               0x1700 (size before relaxing)
 .debug_str     0x000b0763       0x61 C:/Freescale/KSDK_1.3.0/lib/ksdk_platform_lib/kds/KL26Z4/debug/libksdk_platform.a(fsl_clock_manager_common.o)
                                0x34e (size before relaxing)
 .debug_str     0x000b07c4      0x44f C:/Freescale/KSDK_1.3.0/lib/ksdk_platform_lib/kds/KL26Z4/debug/libksdk_platform.a(fsl_sim_hal_MKL26Z4.o)
                                0x778 (size before relaxing)
 .debug_str     0x000b0c13       0x58 C:/Freescale/KSDK_1.3.0/lib/ksdk_platform_lib/kds/KL26Z4/debug/libksdk_platform.a(fsl_osc_hal.o)
                                0x233 (size before relaxing)
 .debug_str     0x000b0c6b      0x5d1 C:/Freescale/KSDK_1.3.0/lib/ksdk_platform_lib/kds/KL26Z4/debug/libksdk_platform.a(fsl_mcg_hal.o)
                                0xb66 (size before relaxing)
 .debug_str     0x000b123c      0x165 C:/Freescale/KSDK_1.3.0/lib/ksdk_platform_lib/kds/KL26Z4/debug/libksdk_platform.a(fsl_mcg_hal_modes.o)
                                0x8df (size before relaxing)

.comment        0x00000000       0x70
 .comment       0x00000000       0x70 ./Utilities/fsl_debug_console.o
                                 0x71 (size before relaxing)
 .comment       0x00000000       0x71 ./Utilities/print_scan.o
 .comment       0x00000000       0x71 ./Sources/main3.o
 .comment       0x00000000       0x71 ./Project_Settings/Startup_Code/startup.o
 .comment       0x00000000       0x71 ./Project_Settings/Startup_Code/system_MKL26Z4.o
 .comment       0x00000000       0x71 ./Board/board.o
 .comment       0x00000000       0x71 ./Board/hardware_init.o
 .comment       0x00000000       0x71 ./Board/pin_mux.o
 .comment       0x00000000       0x71 C:/Freescale/KSDK_1.3.0/lib/ksdk_platform_lib/kds/KL26Z4/debug/libksdk_platform.a(fsl_uart_hal.o)
 .comment       0x00000000       0x71 C:/Freescale/KSDK_1.3.0/lib/ksdk_platform_lib/kds/KL26Z4/debug/libksdk_platform.a(fsl_lpsci_hal.o)
 .comment       0x00000000       0x71 C:/Freescale/KSDK_1.3.0/lib/ksdk_platform_lib/kds/KL26Z4/debug/libksdk_platform.a(fsl_clock_MKL26Z4.o)
 .comment       0x00000000       0x71 C:/Freescale/KSDK_1.3.0/lib/ksdk_platform_lib/kds/KL26Z4/debug/libksdk_platform.a(fsl_clock_manager.o)
 .comment       0x00000000       0x71 C:/Freescale/KSDK_1.3.0/lib/ksdk_platform_lib/kds/KL26Z4/debug/libksdk_platform.a(fsl_clock_manager_common.o)
 .comment       0x00000000       0x71 C:/Freescale/KSDK_1.3.0/lib/ksdk_platform_lib/kds/KL26Z4/debug/libksdk_platform.a(fsl_sim_hal_MKL26Z4.o)
 .comment       0x00000000       0x71 C:/Freescale/KSDK_1.3.0/lib/ksdk_platform_lib/kds/KL26Z4/debug/libksdk_platform.a(fsl_osc_hal.o)
 .comment       0x00000000       0x71 C:/Freescale/KSDK_1.3.0/lib/ksdk_platform_lib/kds/KL26Z4/debug/libksdk_platform.a(fsl_mcg_hal.o)
 .comment       0x00000000       0x71 C:/Freescale/KSDK_1.3.0/lib/ksdk_platform_lib/kds/KL26Z4/debug/libksdk_platform.a(fsl_mcg_hal_modes.o)

.debug_frame    0x00000000     0x2de8
 .debug_frame   0x00000000      0x230 ./Utilities/fsl_debug_console.o
 .debug_frame   0x00000230       0xd4 ./Utilities/print_scan.o
 .debug_frame   0x00000304      0x1c0 ./Sources/main3.o
 .debug_frame   0x000004c4       0x30 ./Project_Settings/Startup_Code/startup.o
 .debug_frame   0x000004f4       0x4c ./Project_Settings/Startup_Code/system_MKL26Z4.o
 .debug_frame   0x00000540      0x108 ./Board/board.o
 .debug_frame   0x00000648       0x2c ./Board/hardware_init.o
 .debug_frame   0x00000674      0x210 ./Board/pin_mux.o
 .debug_frame   0x00000884      0x270 C:/Freescale/KSDK_1.3.0/lib/ksdk_platform_lib/kds/KL26Z4/debug/libksdk_platform.a(fsl_uart_hal.o)
 .debug_frame   0x00000af4      0x2d0 C:/Freescale/KSDK_1.3.0/lib/ksdk_platform_lib/kds/KL26Z4/debug/libksdk_platform.a(fsl_lpsci_hal.o)
 .debug_frame   0x00000dc4      0x7fc C:/Freescale/KSDK_1.3.0/lib/ksdk_platform_lib/kds/KL26Z4/debug/libksdk_platform.a(fsl_clock_MKL26Z4.o)
 .debug_frame   0x000015c0      0x4ec C:/Freescale/KSDK_1.3.0/lib/ksdk_platform_lib/kds/KL26Z4/debug/libksdk_platform.a(fsl_clock_manager.o)
 .debug_frame   0x00001aac      0x1f0 C:/Freescale/KSDK_1.3.0/lib/ksdk_platform_lib/kds/KL26Z4/debug/libksdk_platform.a(fsl_sim_hal_MKL26Z4.o)
 .debug_frame   0x00001c9c       0x30 C:/Freescale/KSDK_1.3.0/lib/ksdk_platform_lib/kds/KL26Z4/debug/libksdk_platform.a(fsl_osc_hal.o)
 .debug_frame   0x00001ccc      0x370 C:/Freescale/KSDK_1.3.0/lib/ksdk_platform_lib/kds/KL26Z4/debug/libksdk_platform.a(fsl_mcg_hal.o)
 .debug_frame   0x0000203c      0x210 C:/Freescale/KSDK_1.3.0/lib/ksdk_platform_lib/kds/KL26Z4/debug/libksdk_platform.a(fsl_mcg_hal_modes.o)
 .debug_frame   0x0000224c       0x20 c:/freescale/kds_3.0.0/toolchain/bin/../lib/gcc/arm-none-eabi/4.8.4/armv6-m\libgcc.a(_udivsi3.o)
 .debug_frame   0x0000226c       0x20 c:/freescale/kds_3.0.0/toolchain/bin/../lib/gcc/arm-none-eabi/4.8.4/armv6-m\libgcc.a(_divsi3.o)
 .debug_frame   0x0000228c       0x28 c:/freescale/kds_3.0.0/toolchain/bin/../lib/gcc/arm-none-eabi/4.8.4/armv6-m\libgcc.a(_fixunssfsi.o)